[0.014s] Invoking command in '/home/lorea/Documents/25-26/Arqui_Soft_Robots/pract_ws2526/build/practica3': CMAKE_PREFIX_PATH=${CMAKE_PREFIX_PATH}:/opt/ros/jazzy DEBUGINFOD_URLS=https://debuginfod.ubuntu.com /usr/bin/cmake /home/lorea/Documents/25-26/Arqui_Soft_Robots/pract_ws2526/src/practica3 -DAMENT_CMAKE_SYMLINK_INSTALL=1 -DCMAKE_INSTALL_PREFIX=/home/lorea/Documents/25-26/Arqui_Soft_Robots/pract_ws2526/install/practica3
[0.103s] -- The C compiler identification is GNU 13.3.0
[0.210s] -- The CXX compiler identification is GNU 13.3.0
[0.242s] -- Detecting C compiler ABI info
[0.418s] -- Detecting C compiler ABI info - done
[0.436s] -- Check for working C compiler: /usr/bin/cc - skipped
[0.436s] -- Detecting C compile features
[0.437s] -- Detecting C compile features - done
[0.455s] -- Detecting CXX compiler ABI info
[0.646s] -- Detecting CXX compiler ABI info - done
[0.664s] -- Check for working CXX compiler: /usr/bin/c++ - skipped
[0.664s] -- Detecting CXX compile features
[0.665s] -- Detecting CXX compile features - done
[0.676s] -- Found ament_cmake: 2.5.4 (/opt/ros/jazzy/share/ament_cmake/cmake)
[0.986s] -- Found Python3: /usr/bin/python3 (found version "3.12.3") found components: Interpreter 
[1.096s] -- Override CMake install command with custom implementation using symlinks instead of copying resources
[1.198s] -- Found rclcpp: 28.1.9 (/opt/ros/jazzy/share/rclcpp/cmake)
[1.271s] -- Found rosidl_generator_c: 4.6.5 (/opt/ros/jazzy/share/rosidl_generator_c/cmake)
[1.294s] -- Found rosidl_generator_cpp: 4.6.5 (/opt/ros/jazzy/share/rosidl_generator_cpp/cmake)
[1.322s] -- Using all available rosidl_typesupport_c: rosidl_typesupport_fastrtps_c;rosidl_typesupport_introspection_c
[1.351s] -- Using all available rosidl_typesupport_cpp: rosidl_typesupport_fastrtps_cpp;rosidl_typesupport_introspection_cpp
[1.461s] -- Found rmw_implementation_cmake: 7.3.2 (/opt/ros/jazzy/share/rmw_implementation_cmake/cmake)
[1.468s] -- Found rmw_fastrtps_cpp: 8.4.2 (/opt/ros/jazzy/share/rmw_fastrtps_cpp/cmake)
[1.594s] -- Found OpenSSL: /usr/lib/x86_64-linux-gnu/libcrypto.so (found version "3.0.13")  
[1.633s] -- Found FastRTPS: /opt/ros/jazzy/include (Required is at least version "2.13") 
[1.659s] -- Using RMW implementation 'rmw_fastrtps_cpp' as default
[1.760s] -- Found std_msgs: 5.3.6 (/opt/ros/jazzy/share/std_msgs/cmake)
[1.778s] -- Found geometry_msgs: 5.3.6 (/opt/ros/jazzy/share/geometry_msgs/cmake)
[1.797s] -- Found sensor_msgs: 5.3.6 (/opt/ros/jazzy/share/sensor_msgs/cmake)
[1.826s] -- Found vision_msgs: 4.1.1 (/opt/ros/jazzy/share/vision_msgs/cmake)
[1.849s] -- Found tf2: 0.36.11 (/opt/ros/jazzy/share/tf2/cmake)
[1.858s] -- Found tf2_ros: 0.36.11 (/opt/ros/jazzy/share/tf2_ros/cmake)
[2.021s] -- Found tf2_geometry_msgs: 0.36.11 (/opt/ros/jazzy/share/tf2_geometry_msgs/cmake)
[2.050s] -- Found eigen3_cmake_module: 0.3.0 (/opt/ros/jazzy/share/eigen3_cmake_module/cmake)
[2.051s] -- Found Eigen3: TRUE (found version "3.4.0") 
[2.051s] -- Ensuring Eigen3 include directory is part of orocos-kdl CMake target
[2.059s] -- Found ament_lint_auto: 0.17.2 (/opt/ros/jazzy/share/ament_lint_auto/cmake)
[2.243s] -- Added test 'cppcheck' to perform static code analysis on C / C++ code
[2.244s] -- Configured cppcheck include dirs: $<BUILD_INTERFACE:/home/lorea/Documents/25-26/Arqui_Soft_Robots/pract_ws2526/src/practica3/include>
[2.244s] -- Configured cppcheck exclude dirs and/or files: 
[2.246s] -- Added test 'flake8' to check Python code syntax and style conventions
[2.246s] -- Configured 'flake8' exclude dirs and/or files: 
[2.249s] -- Added test 'lint_cmake' to check CMake code style
[2.251s] -- Added test 'pep257' to check Python code against some of the docstring style conventions in PEP 257
[2.258s] -- Added test 'uncrustify' to check C / C++ code style
[2.258s] -- Configured uncrustify additional arguments: 
[2.260s] -- Added test 'xmllint' to check XML markup files
[2.265s] -- Configuring done (2.2s)
[2.288s] -- Generating done (0.0s)
[2.296s] -- Build files have been written to: /home/lorea/Documents/25-26/Arqui_Soft_Robots/pract_ws2526/build/practica3
[2.308s] Invoked command in '/home/lorea/Documents/25-26/Arqui_Soft_Robots/pract_ws2526/build/practica3' returned '0': CMAKE_PREFIX_PATH=${CMAKE_PREFIX_PATH}:/opt/ros/jazzy DEBUGINFOD_URLS=https://debuginfod.ubuntu.com /usr/bin/cmake /home/lorea/Documents/25-26/Arqui_Soft_Robots/pract_ws2526/src/practica3 -DAMENT_CMAKE_SYMLINK_INSTALL=1 -DCMAKE_INSTALL_PREFIX=/home/lorea/Documents/25-26/Arqui_Soft_Robots/pract_ws2526/install/practica3
[2.309s] Invoking command in '/home/lorea/Documents/25-26/Arqui_Soft_Robots/pract_ws2526/build/practica3': CMAKE_PREFIX_PATH=${CMAKE_PREFIX_PATH}:/opt/ros/jazzy DEBUGINFOD_URLS=https://debuginfod.ubuntu.com /usr/bin/cmake --build /home/lorea/Documents/25-26/Arqui_Soft_Robots/pract_ws2526/build/practica3 -- -j16 -l16
[2.392s] [ 14%] [32mBuilding CXX object CMakeFiles/practica3.dir/src/practica3/DetectObstacle.cpp.o[0m
[2.392s] [ 28%] [32mBuilding CXX object CMakeFiles/practica3.dir/src/practica3/DetectionNode3D.cpp.o[0m
[17.008s] [ 42%] [32m[1mLinking CXX shared library libpractica3.so[0m
[17.767s] [ 42%] Built target practica3
[17.795s] [ 57%] [32mBuilding CXX object CMakeFiles/detectNode3d.dir/src/detection_node_3d.cpp.o[0m
[17.797s] [ 71%] [32mBuilding CXX object CMakeFiles/detectObs.dir/src/detect_obstacle_main.cpp.o[0m
[20.901s] [ 85%] [32m[1mLinking CXX executable detectObs[0m
[21.027s] [100%] [32m[1mLinking CXX executable detectNode3d[0m
[21.327s] [100%] Built target detectObs
[21.432s] [100%] Built target detectNode3d
[21.449s] Invoked command in '/home/lorea/Documents/25-26/Arqui_Soft_Robots/pract_ws2526/build/practica3' returned '0': CMAKE_PREFIX_PATH=${CMAKE_PREFIX_PATH}:/opt/ros/jazzy DEBUGINFOD_URLS=https://debuginfod.ubuntu.com /usr/bin/cmake --build /home/lorea/Documents/25-26/Arqui_Soft_Robots/pract_ws2526/build/practica3 -- -j16 -l16
[21.469s] Invoking command in '/home/lorea/Documents/25-26/Arqui_Soft_Robots/pract_ws2526/build/practica3': CMAKE_PREFIX_PATH=${CMAKE_PREFIX_PATH}:/opt/ros/jazzy DEBUGINFOD_URLS=https://debuginfod.ubuntu.com /usr/bin/cmake --install /home/lorea/Documents/25-26/Arqui_Soft_Robots/pract_ws2526/build/practica3
[21.485s] -- Install configuration: ""
[21.486s] -- Execute custom install script
[21.487s] -- Symlinking: /home/lorea/Documents/25-26/Arqui_Soft_Robots/pract_ws2526/install/practica3/share/practica3/launch/launcher_p3.py
[21.506s] -- Symlinking: /home/lorea/Documents/25-26/Arqui_Soft_Robots/pract_ws2526/install/practica3/share/practica3/environment/library_path.sh
[21.524s] -- Symlinking: /home/lorea/Documents/25-26/Arqui_Soft_Robots/pract_ws2526/install/practica3/share/practica3/environment/library_path.dsv
[21.541s] -- Symlinking: /home/lorea/Documents/25-26/Arqui_Soft_Robots/pract_ws2526/install/practica3/share/ament_index/resource_index/package_run_dependencies/practica3
[21.559s] -- Symlinking: /home/lorea/Documents/25-26/Arqui_Soft_Robots/pract_ws2526/install/practica3/share/ament_index/resource_index/parent_prefix_path/practica3
[21.575s] -- Symlinking: /home/lorea/Documents/25-26/Arqui_Soft_Robots/pract_ws2526/install/practica3/share/practica3/environment/ament_prefix_path.sh
[21.592s] -- Symlinking: /home/lorea/Documents/25-26/Arqui_Soft_Robots/pract_ws2526/install/practica3/share/practica3/environment/ament_prefix_path.dsv
[21.609s] -- Symlinking: /home/lorea/Documents/25-26/Arqui_Soft_Robots/pract_ws2526/install/practica3/share/practica3/environment/path.sh
[21.627s] -- Symlinking: /home/lorea/Documents/25-26/Arqui_Soft_Robots/pract_ws2526/install/practica3/share/practica3/environment/path.dsv
[21.644s] -- Symlinking: /home/lorea/Documents/25-26/Arqui_Soft_Robots/pract_ws2526/install/practica3/share/practica3/local_setup.bash
[21.661s] -- Symlinking: /home/lorea/Documents/25-26/Arqui_Soft_Robots/pract_ws2526/install/practica3/share/practica3/local_setup.sh
[21.678s] -- Symlinking: /home/lorea/Documents/25-26/Arqui_Soft_Robots/pract_ws2526/install/practica3/share/practica3/local_setup.zsh
[21.695s] -- Symlinking: /home/lorea/Documents/25-26/Arqui_Soft_Robots/pract_ws2526/install/practica3/share/practica3/local_setup.dsv
[21.712s] -- Symlinking: /home/lorea/Documents/25-26/Arqui_Soft_Robots/pract_ws2526/install/practica3/share/practica3/package.dsv
[21.729s] -- Symlinking: /home/lorea/Documents/25-26/Arqui_Soft_Robots/pract_ws2526/install/practica3/share/ament_index/resource_index/packages/practica3
[21.746s] -- Symlinking: /home/lorea/Documents/25-26/Arqui_Soft_Robots/pract_ws2526/install/practica3/share/practica3/cmake/ament_cmake_export_include_directories-extras.cmake
[21.763s] -- Symlinking: /home/lorea/Documents/25-26/Arqui_Soft_Robots/pract_ws2526/install/practica3/share/practica3/cmake/ament_cmake_export_libraries-extras.cmake
[21.780s] -- Symlinking: /home/lorea/Documents/25-26/Arqui_Soft_Robots/pract_ws2526/install/practica3/share/practica3/cmake/ament_cmake_export_targets-extras.cmake
[21.797s] -- Symlinking: /home/lorea/Documents/25-26/Arqui_Soft_Robots/pract_ws2526/install/practica3/share/practica3/cmake/ament_cmake_export_dependencies-extras.cmake
[21.814s] -- Symlinking: /home/lorea/Documents/25-26/Arqui_Soft_Robots/pract_ws2526/install/practica3/share/practica3/cmake/practica3Config.cmake
[21.832s] -- Symlinking: /home/lorea/Documents/25-26/Arqui_Soft_Robots/pract_ws2526/install/practica3/share/practica3/cmake/practica3Config-version.cmake
[21.849s] -- Symlinking: /home/lorea/Documents/25-26/Arqui_Soft_Robots/pract_ws2526/install/practica3/share/practica3/package.xml
[21.865s] -- Installing: /home/lorea/Documents/25-26/Arqui_Soft_Robots/pract_ws2526/install/practica3/lib/libpractica3.so
[21.885s] -- Set non-toolchain portion of runtime path of "/home/lorea/Documents/25-26/Arqui_Soft_Robots/pract_ws2526/install/practica3/lib/libpractica3.so" to ""
[21.886s] -- Installing: /home/lorea/Documents/25-26/Arqui_Soft_Robots/pract_ws2526/install/practica3/lib/practica3/detectObs
[21.886s] -- Set non-toolchain portion of runtime path of "/home/lorea/Documents/25-26/Arqui_Soft_Robots/pract_ws2526/install/practica3/lib/practica3/detectObs" to ""
[21.886s] -- Installing: /home/lorea/Documents/25-26/Arqui_Soft_Robots/pract_ws2526/install/practica3/lib/practica3/detectNode3d
[21.886s] -- Set non-toolchain portion of runtime path of "/home/lorea/Documents/25-26/Arqui_Soft_Robots/pract_ws2526/install/practica3/lib/practica3/detectNode3d" to ""
[21.886s] -- Installing: /home/lorea/Documents/25-26/Arqui_Soft_Robots/pract_ws2526/install/practica3/share/practica3/cmake/export_practica3Export.cmake
[21.887s] -- Installing: /home/lorea/Documents/25-26/Arqui_Soft_Robots/pract_ws2526/install/practica3/share/practica3/cmake/export_practica3Export-noconfig.cmake
[21.890s] Invoked command in '/home/lorea/Documents/25-26/Arqui_Soft_Robots/pract_ws2526/build/practica3' returned '0': CMAKE_PREFIX_PATH=${CMAKE_PREFIX_PATH}:/opt/ros/jazzy DEBUGINFOD_URLS=https://debuginfod.ubuntu.com /usr/bin/cmake --install /home/lorea/Documents/25-26/Arqui_Soft_Robots/pract_ws2526/build/practica3
