[0.009s] Invoking command in '/home/lorea/Documents/25-26/Arqui_Soft_Robots/pract_ws2526/build/practica3': CMAKE_PREFIX_PATH=${CMAKE_PREFIX_PATH}:/opt/ros/jazzy DEBUGINFOD_URLS=https://debuginfod.ubuntu.com /usr/bin/cmake /home/lorea/Documents/25-26/Arqui_Soft_Robots/pract_ws2526/src/practica3 -DAMENT_CMAKE_SYMLINK_INSTALL=1 -DCMAKE_INSTALL_PREFIX=/home/lorea/Documents/25-26/Arqui_Soft_Robots/pract_ws2526/install/practica3
[0.050s] -- The C compiler identification is GNU 13.3.0
[0.087s] -- The CXX compiler identification is GNU 13.3.0
[0.100s] -- Detecting C compiler ABI info
[0.206s] -- Detecting C compiler ABI info - done
[0.215s] -- Check for working C compiler: /usr/bin/cc - skipped
[0.215s] -- Detecting C compile features
[0.216s] -- Detecting C compile features - done
[0.227s] -- Detecting CXX compiler ABI info
[0.339s] -- Detecting CXX compiler ABI info - done
[0.346s] -- Check for working CXX compiler: /usr/bin/c++ - skipped
[0.346s] -- Detecting CXX compile features
[0.346s] -- Detecting CXX compile features - done
[0.352s] -- Found ament_cmake: 2.5.4 (/opt/ros/jazzy/share/ament_cmake/cmake)
[0.479s] -- Found Python3: /usr/bin/python3 (found version "3.12.3") found components: Interpreter 
[0.526s] -- Override CMake install command with custom implementation using symlinks instead of copying resources
[0.577s] -- Found rclcpp: 28.1.9 (/opt/ros/jazzy/share/rclcpp/cmake)
[0.624s] -- Found rosidl_generator_c: 4.6.5 (/opt/ros/jazzy/share/rosidl_generator_c/cmake)
[0.639s] -- Found rosidl_generator_cpp: 4.6.5 (/opt/ros/jazzy/share/rosidl_generator_cpp/cmake)
[0.657s] -- Using all available rosidl_typesupport_c: rosidl_typesupport_fastrtps_c;rosidl_typesupport_introspection_c
[0.676s] -- Using all available rosidl_typesupport_cpp: rosidl_typesupport_fastrtps_cpp;rosidl_typesupport_introspection_cpp
[0.749s] -- Found rmw_implementation_cmake: 7.3.2 (/opt/ros/jazzy/share/rmw_implementation_cmake/cmake)
[0.754s] -- Found rmw_fastrtps_cpp: 8.4.2 (/opt/ros/jazzy/share/rmw_fastrtps_cpp/cmake)
[0.823s] -- Found OpenSSL: /usr/lib/x86_64-linux-gnu/libcrypto.so (found version "3.0.13")  
[0.838s] -- Found FastRTPS: /opt/ros/jazzy/include (Required is at least version "2.13") 
[0.855s] -- Using RMW implementation 'rmw_fastrtps_cpp' as default
[0.920s] -- Found std_msgs: 5.3.6 (/opt/ros/jazzy/share/std_msgs/cmake)
[0.932s] -- Found geometry_msgs: 5.3.6 (/opt/ros/jazzy/share/geometry_msgs/cmake)
[0.945s] -- Found sensor_msgs: 5.3.6 (/opt/ros/jazzy/share/sensor_msgs/cmake)
[0.964s] -- Found tf2: 0.36.11 (/opt/ros/jazzy/share/tf2/cmake)
[0.969s] -- Found tf2_ros: 0.36.11 (/opt/ros/jazzy/share/tf2_ros/cmake)
[1.078s] -- Found tf2_geometry_msgs: 0.36.11 (/opt/ros/jazzy/share/tf2_geometry_msgs/cmake)
[1.097s] -- Found eigen3_cmake_module: 0.3.0 (/opt/ros/jazzy/share/eigen3_cmake_module/cmake)
[1.098s] -- Found Eigen3: TRUE (found version "3.4.0") 
[1.098s] -- Ensuring Eigen3 include directory is part of orocos-kdl CMake target
[1.102s] -- Found kobuki_ros_interfaces: 1.0.0 (/opt/ros/jazzy/share/kobuki_ros_interfaces/cmake)
[1.128s] -- Found ament_lint_auto: 0.17.2 (/opt/ros/jazzy/share/ament_lint_auto/cmake)
[1.248s] -- Added test 'cppcheck' to perform static code analysis on C / C++ code
[1.248s] -- Configured cppcheck include dirs: $<BUILD_INTERFACE:/home/lorea/Documents/25-26/Arqui_Soft_Robots/pract_ws2526/src/practica3/include>
[1.248s] -- Configured cppcheck exclude dirs and/or files: 
[1.250s] -- Added test 'flake8' to check Python code syntax and style conventions
[1.250s] -- Configured 'flake8' exclude dirs and/or files: 
[1.252s] -- Added test 'lint_cmake' to check CMake code style
[1.253s] -- Added test 'pep257' to check Python code against some of the docstring style conventions in PEP 257
[1.258s] -- Added test 'uncrustify' to check C / C++ code style
[1.258s] -- Configured uncrustify additional arguments: 
[1.259s] -- Added test 'xmllint' to check XML markup files
[1.263s] -- Configuring done (1.2s)
[1.274s] -- Generating done (0.0s)
[1.277s] -- Build files have been written to: /home/lorea/Documents/25-26/Arqui_Soft_Robots/pract_ws2526/build/practica3
[1.286s] Invoked command in '/home/lorea/Documents/25-26/Arqui_Soft_Robots/pract_ws2526/build/practica3' returned '0': CMAKE_PREFIX_PATH=${CMAKE_PREFIX_PATH}:/opt/ros/jazzy DEBUGINFOD_URLS=https://debuginfod.ubuntu.com /usr/bin/cmake /home/lorea/Documents/25-26/Arqui_Soft_Robots/pract_ws2526/src/practica3 -DAMENT_CMAKE_SYMLINK_INSTALL=1 -DCMAKE_INSTALL_PREFIX=/home/lorea/Documents/25-26/Arqui_Soft_Robots/pract_ws2526/install/practica3
[1.287s] Invoking command in '/home/lorea/Documents/25-26/Arqui_Soft_Robots/pract_ws2526/build/practica3': CMAKE_PREFIX_PATH=${CMAKE_PREFIX_PATH}:/opt/ros/jazzy DEBUGINFOD_URLS=https://debuginfod.ubuntu.com /usr/bin/cmake --build /home/lorea/Documents/25-26/Arqui_Soft_Robots/pract_ws2526/build/practica3 -- -j16 -l16
[1.327s] [ 25%] [32mBuilding CXX object CMakeFiles/practica3.dir/src/practica3/DetectObstacle.cpp.o[0m
[7.133s] [ 50%] [32m[1mLinking CXX static library libpractica3.a[0m
[7.231s] [ 50%] Built target practica3
[7.246s] [ 75%] [32mBuilding CXX object CMakeFiles/detectObs.dir/src/detect_obstacle_main.cpp.o[0m
[9.095s] [100%] [32m[1mLinking CXX executable detectObs[0m
[9.362s] [100%] Built target detectObs
[9.370s] Invoked command in '/home/lorea/Documents/25-26/Arqui_Soft_Robots/pract_ws2526/build/practica3' returned '0': CMAKE_PREFIX_PATH=${CMAKE_PREFIX_PATH}:/opt/ros/jazzy DEBUGINFOD_URLS=https://debuginfod.ubuntu.com /usr/bin/cmake --build /home/lorea/Documents/25-26/Arqui_Soft_Robots/pract_ws2526/build/practica3 -- -j16 -l16
[9.378s] Invoking command in '/home/lorea/Documents/25-26/Arqui_Soft_Robots/pract_ws2526/build/practica3': CMAKE_PREFIX_PATH=${CMAKE_PREFIX_PATH}:/opt/ros/jazzy DEBUGINFOD_URLS=https://debuginfod.ubuntu.com /usr/bin/cmake --install /home/lorea/Documents/25-26/Arqui_Soft_Robots/pract_ws2526/build/practica3
[9.384s] -- Install configuration: ""
[9.385s] -- Execute custom install script
[9.385s] -- Symlinking: /home/lorea/Documents/25-26/Arqui_Soft_Robots/pract_ws2526/install/practica3/share/practica3/environment/library_path.sh
[9.393s] -- Symlinking: /home/lorea/Documents/25-26/Arqui_Soft_Robots/pract_ws2526/install/practica3/share/practica3/environment/library_path.dsv
[9.403s] -- Symlinking: /home/lorea/Documents/25-26/Arqui_Soft_Robots/pract_ws2526/install/practica3/share/ament_index/resource_index/package_run_dependencies/practica3
[9.413s] -- Symlinking: /home/lorea/Documents/25-26/Arqui_Soft_Robots/pract_ws2526/install/practica3/share/ament_index/resource_index/parent_prefix_path/practica3
[9.427s] -- Symlinking: /home/lorea/Documents/25-26/Arqui_Soft_Robots/pract_ws2526/install/practica3/share/practica3/environment/ament_prefix_path.sh
[9.435s] -- Symlinking: /home/lorea/Documents/25-26/Arqui_Soft_Robots/pract_ws2526/install/practica3/share/practica3/environment/ament_prefix_path.dsv
[9.440s] -- Symlinking: /home/lorea/Documents/25-26/Arqui_Soft_Robots/pract_ws2526/install/practica3/share/practica3/environment/path.sh
[9.446s] -- Symlinking: /home/lorea/Documents/25-26/Arqui_Soft_Robots/pract_ws2526/install/practica3/share/practica3/environment/path.dsv
[9.452s] -- Symlinking: /home/lorea/Documents/25-26/Arqui_Soft_Robots/pract_ws2526/install/practica3/share/practica3/local_setup.bash
[9.458s] -- Symlinking: /home/lorea/Documents/25-26/Arqui_Soft_Robots/pract_ws2526/install/practica3/share/practica3/local_setup.sh
[9.463s] -- Symlinking: /home/lorea/Documents/25-26/Arqui_Soft_Robots/pract_ws2526/install/practica3/share/practica3/local_setup.zsh
[9.469s] -- Symlinking: /home/lorea/Documents/25-26/Arqui_Soft_Robots/pract_ws2526/install/practica3/share/practica3/local_setup.dsv
[9.475s] -- Symlinking: /home/lorea/Documents/25-26/Arqui_Soft_Robots/pract_ws2526/install/practica3/share/practica3/package.dsv
[9.481s] -- Symlinking: /home/lorea/Documents/25-26/Arqui_Soft_Robots/pract_ws2526/install/practica3/share/ament_index/resource_index/packages/practica3
[9.487s] -- Symlinking: /home/lorea/Documents/25-26/Arqui_Soft_Robots/pract_ws2526/install/practica3/share/practica3/cmake/ament_cmake_export_include_directories-extras.cmake
[9.493s] -- Symlinking: /home/lorea/Documents/25-26/Arqui_Soft_Robots/pract_ws2526/install/practica3/share/practica3/cmake/ament_cmake_export_libraries-extras.cmake
[9.499s] -- Symlinking: /home/lorea/Documents/25-26/Arqui_Soft_Robots/pract_ws2526/install/practica3/share/practica3/cmake/ament_cmake_export_targets-extras.cmake
[9.505s] -- Symlinking: /home/lorea/Documents/25-26/Arqui_Soft_Robots/pract_ws2526/install/practica3/share/practica3/cmake/ament_cmake_export_dependencies-extras.cmake
[9.511s] -- Symlinking: /home/lorea/Documents/25-26/Arqui_Soft_Robots/pract_ws2526/install/practica3/share/practica3/cmake/practica3Config.cmake
[9.517s] -- Symlinking: /home/lorea/Documents/25-26/Arqui_Soft_Robots/pract_ws2526/install/practica3/share/practica3/cmake/practica3Config-version.cmake
[9.523s] -- Symlinking: /home/lorea/Documents/25-26/Arqui_Soft_Robots/pract_ws2526/install/practica3/share/practica3/package.xml
[9.529s] -- Installing: /home/lorea/Documents/25-26/Arqui_Soft_Robots/pract_ws2526/install/practica3/lib/libpractica3.a
[9.534s] -- Installing: /home/lorea/Documents/25-26/Arqui_Soft_Robots/pract_ws2526/install/practica3/lib/practica3/detectObs
[9.537s] -- Set non-toolchain portion of runtime path of "/home/lorea/Documents/25-26/Arqui_Soft_Robots/pract_ws2526/install/practica3/lib/practica3/detectObs" to ""
[9.537s] -- Installing: /home/lorea/Documents/25-26/Arqui_Soft_Robots/pract_ws2526/install/practica3/share/practica3/cmake/export_practica3Export.cmake
[9.537s] -- Installing: /home/lorea/Documents/25-26/Arqui_Soft_Robots/pract_ws2526/install/practica3/share/practica3/cmake/export_practica3Export-noconfig.cmake
[9.538s] Invoked command in '/home/lorea/Documents/25-26/Arqui_Soft_Robots/pract_ws2526/build/practica3' returned '0': CMAKE_PREFIX_PATH=${CMAKE_PREFIX_PATH}:/opt/ros/jazzy DEBUGINFOD_URLS=https://debuginfod.ubuntu.com /usr/bin/cmake --install /home/lorea/Documents/25-26/Arqui_Soft_Robots/pract_ws2526/build/practica3
