[0.111s] DEBUG:colcon:Command line arguments: ['/usr/bin/colcon', 'build', '--symlink-install', '--packages-select', 'practica3']
[0.111s] DEBUG:colcon:Parsed command line arguments: Namespace(log_base=None, log_level=None, verb_name='build', build_base='build', install_base='install', merge_install=False, symlink_install=True, test_result_base=None, continue_on_error=False, executor='parallel', parallel_workers=16, event_handlers=None, ignore_user_meta=False, metas=['./colcon.meta'], base_paths=['.'], packages_ignore=None, packages_ignore_regex=None, paths=None, packages_up_to=None, packages_up_to_regex=None, packages_above=None, packages_above_and_dependencies=None, packages_above_depth=None, packages_select_by_dep=None, packages_skip_by_dep=None, packages_skip_up_to=None, packages_select_build_failed=False, packages_skip_build_finished=False, packages_select_test_failures=False, packages_skip_test_passed=False, packages_select=['practica3'], packages_skip=None, packages_select_regex=None, packages_skip_regex=None, packages_start=None, packages_end=None, allow_overriding=[], cmake_args=None, cmake_target=None, cmake_target_skip_unavailable=False, cmake_clean_cache=False, cmake_clean_first=False, cmake_force_configure=False, ament_cmake_args=None, catkin_cmake_args=None, catkin_skip_building_tests=False, mixin_files=None, mixin=None, verb_parser=<colcon_mixin.mixin.mixin_argument.MixinArgumentDecorator object at 0x77ec9d72ff20>, verb_extension=<colcon_core.verb.build.BuildVerb object at 0x77ec9d72f170>, main=<bound method BuildVerb.main of <colcon_core.verb.build.BuildVerb object at 0x77ec9d72f170>>, mixin_verb=('build',))
[0.138s] Level 1:colcon.colcon_core.package_discovery:discover_packages(colcon_meta) check parameters
[0.138s] Level 1:colcon.colcon_core.package_discovery:discover_packages(recursive) check parameters
[0.138s] Level 1:colcon.colcon_core.package_discovery:discover_packages(ignore) check parameters
[0.138s] Level 1:colcon.colcon_core.package_discovery:discover_packages(path) check parameters
[0.138s] Level 1:colcon.colcon_core.package_discovery:discover_packages(colcon_meta) discover
[0.138s] Level 1:colcon.colcon_core.package_discovery:discover_packages(recursive) discover
[0.138s] INFO:colcon.colcon_core.package_discovery:Crawling recursively for packages in '/home/lorea/Documents/25-26/Arqui_Soft_Robots/pract_ws2526'
[0.138s] Level 1:colcon.colcon_core.package_identification:_identify(.) by extensions ['ignore', 'ignore_ament_install']
[0.138s] Level 1:colcon.colcon_core.package_identification:_identify(.) by extension 'ignore'
[0.138s] Level 1:colcon.colcon_core.package_identification:_identify(.) by extension 'ignore_ament_install'
[0.138s] Level 1:colcon.colcon_core.package_identification:_identify(.) by extensions ['colcon_pkg']
[0.138s] Level 1:colcon.colcon_core.package_identification:_identify(.) by extension 'colcon_pkg'
[0.138s] Level 1:colcon.colcon_core.package_identification:_identify(.) by extensions ['colcon_meta']
[0.138s] Level 1:colcon.colcon_core.package_identification:_identify(.) by extension 'colcon_meta'
[0.138s] Level 1:colcon.colcon_core.package_identification:_identify(.) by extensions ['ros']
[0.138s] Level 1:colcon.colcon_core.package_identification:_identify(.) by extension 'ros'
[0.154s] Level 1:colcon.colcon_core.package_identification:_identify(.) by extensions ['cmake', 'python']
[0.154s] Level 1:colcon.colcon_core.package_identification:_identify(.) by extension 'cmake'
[0.154s] Level 1:colcon.colcon_core.package_identification:_identify(.) by extension 'python'
[0.154s] Level 1:colcon.colcon_core.package_identification:_identify(.) by extensions ['python_setup_py']
[0.154s] Level 1:colcon.colcon_core.package_identification:_identify(.) by extension 'python_setup_py'
[0.154s] Level 1:colcon.colcon_core.package_identification:_identify(build) by extensions ['ignore', 'ignore_ament_install']
[0.154s] Level 1:colcon.colcon_core.package_identification:_identify(build) by extension 'ignore'
[0.154s] Level 1:colcon.colcon_core.package_identification:_identify(build) ignored
[0.154s] Level 1:colcon.colcon_core.package_identification:_identify(install) by extensions ['ignore', 'ignore_ament_install']
[0.154s] Level 1:colcon.colcon_core.package_identification:_identify(install) by extension 'ignore'
[0.154s] Level 1:colcon.colcon_core.package_identification:_identify(install) ignored
[0.154s] Level 1:colcon.colcon_core.package_identification:_identify(log) by extensions ['ignore', 'ignore_ament_install']
[0.154s] Level 1:colcon.colcon_core.package_identification:_identify(log) by extension 'ignore'
[0.154s] Level 1:colcon.colcon_core.package_identification:_identify(log) ignored
[0.154s] Level 1:colcon.colcon_core.package_identification:_identify(src) by extensions ['ignore', 'ignore_ament_install']
[0.155s] Level 1:colcon.colcon_core.package_identification:_identify(src) by extension 'ignore'
[0.155s] Level 1:colcon.colcon_core.package_identification:_identify(src) by extension 'ignore_ament_install'
[0.155s] Level 1:colcon.colcon_core.package_identification:_identify(src) by extensions ['colcon_pkg']
[0.155s] Level 1:colcon.colcon_core.package_identification:_identify(src) by extension 'colcon_pkg'
[0.155s] Level 1:colcon.colcon_core.package_identification:_identify(src) by extensions ['colcon_meta']
[0.155s] Level 1:colcon.colcon_core.package_identification:_identify(src) by extension 'colcon_meta'
[0.155s] Level 1:colcon.colcon_core.package_identification:_identify(src) by extensions ['ros']
[0.155s] Level 1:colcon.colcon_core.package_identification:_identify(src) by extension 'ros'
[0.155s] Level 1:colcon.colcon_core.package_identification:_identify(src) by extensions ['cmake', 'python']
[0.155s] Level 1:colcon.colcon_core.package_identification:_identify(src) by extension 'cmake'
[0.155s] Level 1:colcon.colcon_core.package_identification:_identify(src) by extension 'python'
[0.155s] Level 1:colcon.colcon_core.package_identification:_identify(src) by extensions ['python_setup_py']
[0.155s] Level 1:colcon.colcon_core.package_identification:_identify(src) by extension 'python_setup_py'
[0.155s] Level 1:colcon.colcon_core.package_identification:_identify(src/practica1) by extensions ['ignore', 'ignore_ament_install']
[0.155s] Level 1:colcon.colcon_core.package_identification:_identify(src/practica1) by extension 'ignore'
[0.155s] Level 1:colcon.colcon_core.package_identification:_identify(src/practica1) by extension 'ignore_ament_install'
[0.155s] Level 1:colcon.colcon_core.package_identification:_identify(src/practica1) by extensions ['colcon_pkg']
[0.155s] Level 1:colcon.colcon_core.package_identification:_identify(src/practica1) by extension 'colcon_pkg'
[0.155s] Level 1:colcon.colcon_core.package_identification:_identify(src/practica1) by extensions ['colcon_meta']
[0.155s] Level 1:colcon.colcon_core.package_identification:_identify(src/practica1) by extension 'colcon_meta'
[0.155s] Level 1:colcon.colcon_core.package_identification:_identify(src/practica1) by extensions ['ros']
[0.155s] Level 1:colcon.colcon_core.package_identification:_identify(src/practica1) by extension 'ros'
[0.155s] Level 1:colcon.colcon_core.package_identification:_identify(src/practica1) by extensions ['cmake', 'python']
[0.155s] Level 1:colcon.colcon_core.package_identification:_identify(src/practica1) by extension 'cmake'
[0.155s] Level 1:colcon.colcon_core.package_identification:_identify(src/practica1) by extension 'python'
[0.155s] Level 1:colcon.colcon_core.package_identification:_identify(src/practica1) by extensions ['python_setup_py']
[0.155s] Level 1:colcon.colcon_core.package_identification:_identify(src/practica1) by extension 'python_setup_py'
[0.155s] Level 1:colcon.colcon_core.package_identification:_identify(src/practica2) by extensions ['ignore', 'ignore_ament_install']
[0.155s] Level 1:colcon.colcon_core.package_identification:_identify(src/practica2) by extension 'ignore'
[0.155s] Level 1:colcon.colcon_core.package_identification:_identify(src/practica2) by extension 'ignore_ament_install'
[0.155s] Level 1:colcon.colcon_core.package_identification:_identify(src/practica2) by extensions ['colcon_pkg']
[0.155s] Level 1:colcon.colcon_core.package_identification:_identify(src/practica2) by extension 'colcon_pkg'
[0.155s] Level 1:colcon.colcon_core.package_identification:_identify(src/practica2) by extensions ['colcon_meta']
[0.155s] Level 1:colcon.colcon_core.package_identification:_identify(src/practica2) by extension 'colcon_meta'
[0.155s] Level 1:colcon.colcon_core.package_identification:_identify(src/practica2) by extensions ['ros']
[0.155s] Level 1:colcon.colcon_core.package_identification:_identify(src/practica2) by extension 'ros'
[0.158s] DEBUG:colcon.colcon_core.package_identification:Package 'src/practica2' with type 'ros.ament_cmake' and name 'practica2'
[0.158s] Level 1:colcon.colcon_core.package_identification:_identify(src/practica3) by extensions ['ignore', 'ignore_ament_install']
[0.158s] Level 1:colcon.colcon_core.package_identification:_identify(src/practica3) by extension 'ignore'
[0.158s] Level 1:colcon.colcon_core.package_identification:_identify(src/practica3) by extension 'ignore_ament_install'
[0.158s] Level 1:colcon.colcon_core.package_identification:_identify(src/practica3) by extensions ['colcon_pkg']
[0.158s] Level 1:colcon.colcon_core.package_identification:_identify(src/practica3) by extension 'colcon_pkg'
[0.158s] Level 1:colcon.colcon_core.package_identification:_identify(src/practica3) by extensions ['colcon_meta']
[0.158s] Level 1:colcon.colcon_core.package_identification:_identify(src/practica3) by extension 'colcon_meta'
[0.158s] Level 1:colcon.colcon_core.package_identification:_identify(src/practica3) by extensions ['ros']
[0.158s] Level 1:colcon.colcon_core.package_identification:_identify(src/practica3) by extension 'ros'
[0.159s] DEBUG:colcon.colcon_core.package_identification:Package 'src/practica3' with type 'ros.ament_cmake' and name 'practica3'
[0.159s] Level 1:colcon.colcon_core.package_discovery:discover_packages(recursive) using defaults
[0.159s] Level 1:colcon.colcon_core.package_discovery:discover_packages(ignore) discover
[0.159s] Level 1:colcon.colcon_core.package_discovery:discover_packages(ignore) using defaults
[0.159s] Level 1:colcon.colcon_core.package_discovery:discover_packages(path) discover
[0.159s] Level 1:colcon.colcon_core.package_discovery:discover_packages(path) using defaults
[0.171s] INFO:colcon.colcon_core.package_selection:Skipping not selected package 'practica2' in 'src/practica2'
[0.171s] Level 1:colcon.colcon_core.package_discovery:discover_packages(prefix_path) check parameters
[0.171s] Level 1:colcon.colcon_core.package_discovery:discover_packages(prefix_path) discover
[0.174s] DEBUG:colcon.colcon_installed_package_information.package_discovery:Found 41 installed packages in /home/lorea/ros/ROS2/asr_ws/install
[0.175s] DEBUG:colcon.colcon_installed_package_information.package_discovery:Found 398 installed packages in /opt/ros/jazzy
[0.176s] Level 1:colcon.colcon_core.package_discovery:discover_packages(prefix_path) using defaults
[0.210s] Level 5:colcon.colcon_core.verb:set package 'practica3' build argument 'cmake_args' from command line to 'None'
[0.210s] Level 5:colcon.colcon_core.verb:set package 'practica3' build argument 'cmake_target' from command line to 'None'
[0.210s] Level 5:colcon.colcon_core.verb:set package 'practica3' build argument 'cmake_target_skip_unavailable' from command line to 'False'
[0.210s] Level 5:colcon.colcon_core.verb:set package 'practica3' build argument 'cmake_clean_cache' from command line to 'False'
[0.210s] Level 5:colcon.colcon_core.verb:set package 'practica3' build argument 'cmake_clean_first' from command line to 'False'
[0.210s] Level 5:colcon.colcon_core.verb:set package 'practica3' build argument 'cmake_force_configure' from command line to 'False'
[0.210s] Level 5:colcon.colcon_core.verb:set package 'practica3' build argument 'ament_cmake_args' from command line to 'None'
[0.210s] Level 5:colcon.colcon_core.verb:set package 'practica3' build argument 'catkin_cmake_args' from command line to 'None'
[0.210s] Level 5:colcon.colcon_core.verb:set package 'practica3' build argument 'catkin_skip_building_tests' from command line to 'False'
[0.210s] DEBUG:colcon.colcon_core.verb:Building package 'practica3' with the following arguments: {'ament_cmake_args': None, 'build_base': '/home/lorea/Documents/25-26/Arqui_Soft_Robots/pract_ws2526/build/practica3', 'catkin_cmake_args': None, 'catkin_skip_building_tests': False, 'cmake_args': None, 'cmake_clean_cache': False, 'cmake_clean_first': False, 'cmake_force_configure': False, 'cmake_target': None, 'cmake_target_skip_unavailable': False, 'install_base': '/home/lorea/Documents/25-26/Arqui_Soft_Robots/pract_ws2526/install/practica3', 'merge_install': False, 'path': '/home/lorea/Documents/25-26/Arqui_Soft_Robots/pract_ws2526/src/practica3', 'symlink_install': True, 'test_result_base': None}
[0.210s] INFO:colcon.colcon_core.executor:Executing jobs using 'parallel' executor
[0.211s] DEBUG:colcon.colcon_parallel_executor.executor.parallel:run_until_complete
[0.211s] INFO:colcon.colcon_ros.task.ament_cmake.build:Building ROS package in '/home/lorea/Documents/25-26/Arqui_Soft_Robots/pract_ws2526/src/practica3' with build type 'ament_cmake'
[0.211s] INFO:colcon.colcon_cmake.task.cmake.build:Building CMake package in '/home/lorea/Documents/25-26/Arqui_Soft_Robots/pract_ws2526/src/practica3'
[0.213s] INFO:colcon.colcon_core.plugin_system:Skipping extension 'colcon_core.shell.bat': Not used on non-Windows systems
[0.213s] INFO:colcon.colcon_core.shell:Skip shell extension 'powershell' for command environment: Not usable outside of PowerShell
[0.213s] DEBUG:colcon.colcon_core.shell:Skip shell extension 'dsv' for command environment
[0.220s] DEBUG:colcon.colcon_core.event_handler.log_command:Invoking command in '/home/lorea/Documents/25-26/Arqui_Soft_Robots/pract_ws2526/build/practica3': CMAKE_PREFIX_PATH=${CMAKE_PREFIX_PATH}:/opt/ros/jazzy DEBUGINFOD_URLS=https://debuginfod.ubuntu.com /usr/bin/cmake /home/lorea/Documents/25-26/Arqui_Soft_Robots/pract_ws2526/src/practica3 -DAMENT_CMAKE_SYMLINK_INSTALL=1 -DCMAKE_INSTALL_PREFIX=/home/lorea/Documents/25-26/Arqui_Soft_Robots/pract_ws2526/install/practica3
[1.497s] DEBUG:colcon.colcon_core.event_handler.log_command:Invoked command in '/home/lorea/Documents/25-26/Arqui_Soft_Robots/pract_ws2526/build/practica3' returned '0': CMAKE_PREFIX_PATH=${CMAKE_PREFIX_PATH}:/opt/ros/jazzy DEBUGINFOD_URLS=https://debuginfod.ubuntu.com /usr/bin/cmake /home/lorea/Documents/25-26/Arqui_Soft_Robots/pract_ws2526/src/practica3 -DAMENT_CMAKE_SYMLINK_INSTALL=1 -DCMAKE_INSTALL_PREFIX=/home/lorea/Documents/25-26/Arqui_Soft_Robots/pract_ws2526/install/practica3
[1.498s] DEBUG:colcon.colcon_core.event_handler.log_command:Invoking command in '/home/lorea/Documents/25-26/Arqui_Soft_Robots/pract_ws2526/build/practica3': CMAKE_PREFIX_PATH=${CMAKE_PREFIX_PATH}:/opt/ros/jazzy DEBUGINFOD_URLS=https://debuginfod.ubuntu.com /usr/bin/cmake --build /home/lorea/Documents/25-26/Arqui_Soft_Robots/pract_ws2526/build/practica3 -- -j16 -l16
[9.581s] DEBUG:colcon.colcon_core.event_handler.log_command:Invoked command in '/home/lorea/Documents/25-26/Arqui_Soft_Robots/pract_ws2526/build/practica3' returned '0': CMAKE_PREFIX_PATH=${CMAKE_PREFIX_PATH}:/opt/ros/jazzy DEBUGINFOD_URLS=https://debuginfod.ubuntu.com /usr/bin/cmake --build /home/lorea/Documents/25-26/Arqui_Soft_Robots/pract_ws2526/build/practica3 -- -j16 -l16
[9.589s] DEBUG:colcon.colcon_core.event_handler.log_command:Invoking command in '/home/lorea/Documents/25-26/Arqui_Soft_Robots/pract_ws2526/build/practica3': CMAKE_PREFIX_PATH=${CMAKE_PREFIX_PATH}:/opt/ros/jazzy DEBUGINFOD_URLS=https://debuginfod.ubuntu.com /usr/bin/cmake --install /home/lorea/Documents/25-26/Arqui_Soft_Robots/pract_ws2526/build/practica3
[9.749s] Level 1:colcon.colcon_core.environment:create_environment_scripts_only(practica3)
[9.749s] DEBUG:colcon.colcon_core.event_handler.log_command:Invoked command in '/home/lorea/Documents/25-26/Arqui_Soft_Robots/pract_ws2526/build/practica3' returned '0': CMAKE_PREFIX_PATH=${CMAKE_PREFIX_PATH}:/opt/ros/jazzy DEBUGINFOD_URLS=https://debuginfod.ubuntu.com /usr/bin/cmake --install /home/lorea/Documents/25-26/Arqui_Soft_Robots/pract_ws2526/build/practica3
[9.753s] Level 1:colcon.colcon_core.environment:checking '/home/lorea/Documents/25-26/Arqui_Soft_Robots/pract_ws2526/install/practica3' for CMake module files
[9.754s] Level 1:colcon.colcon_core.environment:checking '/home/lorea/Documents/25-26/Arqui_Soft_Robots/pract_ws2526/install/practica3' for CMake config files
[9.754s] Level 1:colcon.colcon_core.shell:create_environment_hook('practica3', 'cmake_prefix_path')
[9.754s] INFO:colcon.colcon_core.shell:Creating environment hook '/home/lorea/Documents/25-26/Arqui_Soft_Robots/pract_ws2526/install/practica3/share/practica3/hook/cmake_prefix_path.ps1'
[9.764s] INFO:colcon.colcon_core.shell:Creating environment descriptor '/home/lorea/Documents/25-26/Arqui_Soft_Robots/pract_ws2526/install/practica3/share/practica3/hook/cmake_prefix_path.dsv'
[9.769s] INFO:colcon.colcon_core.shell:Creating environment hook '/home/lorea/Documents/25-26/Arqui_Soft_Robots/pract_ws2526/install/practica3/share/practica3/hook/cmake_prefix_path.sh'
[9.771s] Level 1:colcon.colcon_core.environment:checking '/home/lorea/Documents/25-26/Arqui_Soft_Robots/pract_ws2526/install/practica3/lib'
[9.772s] Level 1:colcon.colcon_core.environment:checking '/home/lorea/Documents/25-26/Arqui_Soft_Robots/pract_ws2526/install/practica3/bin'
[9.772s] Level 1:colcon.colcon_core.environment:checking '/home/lorea/Documents/25-26/Arqui_Soft_Robots/pract_ws2526/install/practica3/lib/pkgconfig/practica3.pc'
[9.772s] Level 1:colcon.colcon_core.environment:checking '/home/lorea/Documents/25-26/Arqui_Soft_Robots/pract_ws2526/install/practica3/lib/python3.12/site-packages'
[9.773s] Level 1:colcon.colcon_core.environment:checking '/home/lorea/Documents/25-26/Arqui_Soft_Robots/pract_ws2526/install/practica3/bin'
[9.773s] INFO:colcon.colcon_core.shell:Creating package script '/home/lorea/Documents/25-26/Arqui_Soft_Robots/pract_ws2526/install/practica3/share/practica3/package.ps1'
[9.775s] INFO:colcon.colcon_core.shell:Creating package descriptor '/home/lorea/Documents/25-26/Arqui_Soft_Robots/pract_ws2526/install/practica3/share/practica3/package.dsv'
[9.776s] INFO:colcon.colcon_core.shell:Creating package script '/home/lorea/Documents/25-26/Arqui_Soft_Robots/pract_ws2526/install/practica3/share/practica3/package.sh'
[9.776s] INFO:colcon.colcon_core.shell:Creating package script '/home/lorea/Documents/25-26/Arqui_Soft_Robots/pract_ws2526/install/practica3/share/practica3/package.bash'
[9.776s] INFO:colcon.colcon_core.shell:Creating package script '/home/lorea/Documents/25-26/Arqui_Soft_Robots/pract_ws2526/install/practica3/share/practica3/package.zsh'
[9.776s] Level 1:colcon.colcon_core.environment:create_file_with_runtime_dependencies(/home/lorea/Documents/25-26/Arqui_Soft_Robots/pract_ws2526/install/practica3/share/colcon-core/packages/practica3)
[9.777s] Level 1:colcon.colcon_core.environment:create_environment_scripts_only(practica3)
[9.777s] Level 1:colcon.colcon_core.environment:checking '/home/lorea/Documents/25-26/Arqui_Soft_Robots/pract_ws2526/install/practica3' for CMake module files
[9.777s] Level 1:colcon.colcon_core.environment:checking '/home/lorea/Documents/25-26/Arqui_Soft_Robots/pract_ws2526/install/practica3' for CMake config files
[9.777s] Level 1:colcon.colcon_core.shell:create_environment_hook('practica3', 'cmake_prefix_path')
[9.777s] INFO:colcon.colcon_core.shell:Creating environment hook '/home/lorea/Documents/25-26/Arqui_Soft_Robots/pract_ws2526/install/practica3/share/practica3/hook/cmake_prefix_path.ps1'
[9.778s] INFO:colcon.colcon_core.shell:Creating environment descriptor '/home/lorea/Documents/25-26/Arqui_Soft_Robots/pract_ws2526/install/practica3/share/practica3/hook/cmake_prefix_path.dsv'
[9.778s] INFO:colcon.colcon_core.shell:Creating environment hook '/home/lorea/Documents/25-26/Arqui_Soft_Robots/pract_ws2526/install/practica3/share/practica3/hook/cmake_prefix_path.sh'
[9.778s] Level 1:colcon.colcon_core.environment:checking '/home/lorea/Documents/25-26/Arqui_Soft_Robots/pract_ws2526/install/practica3/lib'
[9.778s] Level 1:colcon.colcon_core.environment:checking '/home/lorea/Documents/25-26/Arqui_Soft_Robots/pract_ws2526/install/practica3/bin'
[9.778s] Level 1:colcon.colcon_core.environment:checking '/home/lorea/Documents/25-26/Arqui_Soft_Robots/pract_ws2526/install/practica3/lib/pkgconfig/practica3.pc'
[9.778s] Level 1:colcon.colcon_core.environment:checking '/home/lorea/Documents/25-26/Arqui_Soft_Robots/pract_ws2526/install/practica3/lib/python3.12/site-packages'
[9.778s] Level 1:colcon.colcon_core.environment:checking '/home/lorea/Documents/25-26/Arqui_Soft_Robots/pract_ws2526/install/practica3/bin'
[9.779s] INFO:colcon.colcon_core.shell:Creating package script '/home/lorea/Documents/25-26/Arqui_Soft_Robots/pract_ws2526/install/practica3/share/practica3/package.ps1'
[9.779s] INFO:colcon.colcon_core.shell:Creating package descriptor '/home/lorea/Documents/25-26/Arqui_Soft_Robots/pract_ws2526/install/practica3/share/practica3/package.dsv'
[9.779s] INFO:colcon.colcon_core.shell:Creating package script '/home/lorea/Documents/25-26/Arqui_Soft_Robots/pract_ws2526/install/practica3/share/practica3/package.sh'
[9.779s] INFO:colcon.colcon_core.shell:Creating package script '/home/lorea/Documents/25-26/Arqui_Soft_Robots/pract_ws2526/install/practica3/share/practica3/package.bash'
[9.780s] INFO:colcon.colcon_core.shell:Creating package script '/home/lorea/Documents/25-26/Arqui_Soft_Robots/pract_ws2526/install/practica3/share/practica3/package.zsh'
[9.780s] Level 1:colcon.colcon_core.environment:create_file_with_runtime_dependencies(/home/lorea/Documents/25-26/Arqui_Soft_Robots/pract_ws2526/install/practica3/share/colcon-core/packages/practica3)
[9.780s] DEBUG:colcon.colcon_parallel_executor.executor.parallel:closing loop
[9.780s] DEBUG:colcon.colcon_parallel_executor.executor.parallel:loop closed
[9.780s] DEBUG:colcon.colcon_parallel_executor.executor.parallel:run_until_complete finished with '0'
[9.780s] DEBUG:colcon.colcon_core.event_reactor:joining thread
[9.785s] INFO:colcon.colcon_core.plugin_system:Skipping extension 'colcon_notification.desktop_notification.terminal_notifier': Not used on non-Darwin systems
[9.785s] INFO:colcon.colcon_core.plugin_system:Skipping extension 'colcon_notification.desktop_notification.win32': Not used on non-Windows systems
[9.785s] INFO:colcon.colcon_notification.desktop_notification:Sending desktop notification using 'notify2'
[9.792s] DEBUG:colcon.colcon_core.event_reactor:joined thread
[9.792s] INFO:colcon.colcon_core.shell:Creating prefix script '/home/lorea/Documents/25-26/Arqui_Soft_Robots/pract_ws2526/install/local_setup.ps1'
[9.793s] INFO:colcon.colcon_core.shell:Creating prefix util module '/home/lorea/Documents/25-26/Arqui_Soft_Robots/pract_ws2526/install/_local_setup_util_ps1.py'
[9.794s] INFO:colcon.colcon_core.shell:Creating prefix chain script '/home/lorea/Documents/25-26/Arqui_Soft_Robots/pract_ws2526/install/setup.ps1'
[9.796s] INFO:colcon.colcon_core.shell:Creating prefix script '/home/lorea/Documents/25-26/Arqui_Soft_Robots/pract_ws2526/install/local_setup.sh'
[9.796s] INFO:colcon.colcon_core.shell:Creating prefix util module '/home/lorea/Documents/25-26/Arqui_Soft_Robots/pract_ws2526/install/_local_setup_util_sh.py'
[9.796s] INFO:colcon.colcon_core.shell:Creating prefix chain script '/home/lorea/Documents/25-26/Arqui_Soft_Robots/pract_ws2526/install/setup.sh'
[9.799s] INFO:colcon.colcon_core.shell:Creating prefix script '/home/lorea/Documents/25-26/Arqui_Soft_Robots/pract_ws2526/install/local_setup.bash'
[9.799s] INFO:colcon.colcon_core.shell:Creating prefix chain script '/home/lorea/Documents/25-26/Arqui_Soft_Robots/pract_ws2526/install/setup.bash'
[9.802s] INFO:colcon.colcon_core.shell:Creating prefix script '/home/lorea/Documents/25-26/Arqui_Soft_Robots/pract_ws2526/install/local_setup.zsh'
[9.802s] INFO:colcon.colcon_core.shell:Creating prefix chain script '/home/lorea/Documents/25-26/Arqui_Soft_Robots/pract_ws2526/install/setup.zsh'
