[0.010s] Invoking command in '/home/lorea/Documents/25-26/Arqui_Soft_Robots/pract_ws2526/build/practica2': DEBUGINFOD_URLS=https://debuginfod.ubuntu.com /usr/bin/cmake /home/lorea/Documents/25-26/Arqui_Soft_Robots/pract_ws2526/src/practica2 -DCMAKE_INSTALL_PREFIX=/home/lorea/Documents/25-26/Arqui_Soft_Robots/pract_ws2526/install/practica2
[0.031s] [31mCMake Error at CMakeLists.txt:4 (find_package):
[0.031s]   By not providing "Findament_cake.cmake" in CMAKE_MODULE_PATH this project
[0.031s]   has asked CMake to find a package configuration file provided by
[0.031s]   "ament_cake", but CMake did not find one.
[0.031s] 
[0.032s]   Could not find a package configuration file provided by "ament_cake" with
[0.032s]   any of the following names:
[0.032s] 
[0.032s]     ament_cakeConfig.cmake
[0.032s]     ament_cake-config.cmake
[0.032s] 
[0.032s]   Add the installation prefix of "ament_cake" to CMAKE_PREFIX_PATH or set
[0.032s]   "ament_cake_DIR" to a directory containing one of the above files.  If
[0.032s]   "ament_cake" provides a separate development package or SDK, be sure it has
[0.032s]   been installed.
[0.032s] 
[0.032s] [0m
[0.032s] -- Configuring incomplete, errors occurred!
[0.033s] Invoked command in '/home/lorea/Documents/25-26/Arqui_Soft_Robots/pract_ws2526/build/practica2' returned '1': DEBUGINFOD_URLS=https://debuginfod.ubuntu.com /usr/bin/cmake /home/lorea/Documents/25-26/Arqui_Soft_Robots/pract_ws2526/src/practica2 -DCMAKE_INSTALL_PREFIX=/home/lorea/Documents/25-26/Arqui_Soft_Robots/pract_ws2526/install/practica2
