-- The C compiler identification is GNU 13.3.0
-- The CXX compiler identification is GNU 13.3.0
-- Detecting C compiler ABI info
-- Detecting C compiler ABI info - done
-- Check for working C compiler: /usr/bin/cc - skipped
-- Detecting C compile features
-- Detecting C compile features - done
-- Detecting CXX compiler ABI info
-- Detecting CXX compiler ABI info - done
-- Check for working CXX compiler: /usr/bin/c++ - skipped
-- Detecting CXX compile features
-- Detecting CXX compile features - done
-- Found ament_cmake: 2.5.4 (/opt/ros/jazzy/share/ament_cmake/cmake)
-- Found Python3: /usr/bin/python3 (found version "3.12.3") found components: Interpreter 
-- Override CMake install command with custom implementation using symlinks instead of copying resources
-- Found rclcpp: 28.1.9 (/opt/ros/jazzy/share/rclcpp/cmake)
-- Found rosidl_generator_c: 4.6.5 (/opt/ros/jazzy/share/rosidl_generator_c/cmake)
-- Found rosidl_generator_cpp: 4.6.5 (/opt/ros/jazzy/share/rosidl_generator_cpp/cmake)
-- Using all available rosidl_typesupport_c: rosidl_typesupport_fastrtps_c;rosidl_typesupport_introspection_c
-- Using all available rosidl_typesupport_cpp: rosidl_typesupport_fastrtps_cpp;rosidl_typesupport_introspection_cpp
-- Found rmw_implementation_cmake: 7.3.2 (/opt/ros/jazzy/share/rmw_implementation_cmake/cmake)
-- Found rmw_fastrtps_cpp: 8.4.2 (/opt/ros/jazzy/share/rmw_fastrtps_cpp/cmake)
-- Found OpenSSL: /usr/lib/x86_64-linux-gnu/libcrypto.so (found version "3.0.13")  
-- Found FastRTPS: /opt/ros/jazzy/include (Required is at least version "2.13") 
-- Using RMW implementation 'rmw_fastrtps_cpp' as default
-- Found std_msgs: 5.3.6 (/opt/ros/jazzy/share/std_msgs/cmake)
-- Found geometry_msgs: 5.3.6 (/opt/ros/jazzy/share/geometry_msgs/cmake)
-- Found sensor_msgs: 5.3.6 (/opt/ros/jazzy/share/sensor_msgs/cmake)
-- Found tf2: 0.36.11 (/opt/ros/jazzy/share/tf2/cmake)
-- Found tf2_ros: 0.36.11 (/opt/ros/jazzy/share/tf2_ros/cmake)
-- Found tf2_geometry_msgs: 0.36.11 (/opt/ros/jazzy/share/tf2_geometry_msgs/cmake)
-- Found eigen3_cmake_module: 0.3.0 (/opt/ros/jazzy/share/eigen3_cmake_module/cmake)
-- Found Eigen3: TRUE (found version "3.4.0") 
-- Ensuring Eigen3 include directory is part of orocos-kdl CMake target
-- Found kobuki_ros_interfaces: 1.0.0 (/opt/ros/jazzy/share/kobuki_ros_interfaces/cmake)
-- Found ament_lint_auto: 0.17.2 (/opt/ros/jazzy/share/ament_lint_auto/cmake)
-- Added test 'cppcheck' to perform static code analysis on C / C++ code
-- Configured cppcheck include dirs: $<BUILD_INTERFACE:/home/lorea/Documents/25-26/Arqui_Soft_Robots/pract_ws2526/src/practica3/include>
-- Configured cppcheck exclude dirs and/or files: 
-- Added test 'flake8' to check Python code syntax and style conventions
-- Configured 'flake8' exclude dirs and/or files: 
-- Added test 'lint_cmake' to check CMake code style
-- Added test 'pep257' to check Python code against some of the docstring style conventions in PEP 257
-- Added test 'uncrustify' to check C / C++ code style
-- Configured uncrustify additional arguments: 
-- Added test 'xmllint' to check XML markup files
-- Configuring done (1.3s)
-- Generating done (0.0s)
-- Build files have been written to: /home/lorea/Documents/25-26/Arqui_Soft_Robots/pract_ws2526/build/practica3
[ 25%] [32mBuilding CXX object CMakeFiles/practica3.dir/src/practica3/DetectObstacle.cpp.o[0m
[ 50%] [32m[1mLinking CXX static library libpractica3.a[0m
[ 50%] Built target practica3
[ 75%] [32mBuilding CXX object CMakeFiles/detectObs.dir/src/detect_obstacle_main.cpp.o[0m
[100%] [32m[1mLinking CXX executable detectObs[0m
[100%] Built target detectObs
-- Install configuration: ""
-- Execute custom install script
-- Symlinking: /home/lorea/Documents/25-26/Arqui_Soft_Robots/pract_ws2526/install/practica3/share/practica3/environment/library_path.sh
-- Symlinking: /home/lorea/Documents/25-26/Arqui_Soft_Robots/pract_ws2526/install/practica3/share/practica3/environment/library_path.dsv
-- Symlinking: /home/lorea/Documents/25-26/Arqui_Soft_Robots/pract_ws2526/install/practica3/share/ament_index/resource_index/package_run_dependencies/practica3
-- Symlinking: /home/lorea/Documents/25-26/Arqui_Soft_Robots/pract_ws2526/install/practica3/share/ament_index/resource_index/parent_prefix_path/practica3
-- Symlinking: /home/lorea/Documents/25-26/Arqui_Soft_Robots/pract_ws2526/install/practica3/share/practica3/environment/ament_prefix_path.sh
-- Symlinking: /home/lorea/Documents/25-26/Arqui_Soft_Robots/pract_ws2526/install/practica3/share/practica3/environment/ament_prefix_path.dsv
-- Symlinking: /home/lorea/Documents/25-26/Arqui_Soft_Robots/pract_ws2526/install/practica3/share/practica3/environment/path.sh
-- Symlinking: /home/lorea/Documents/25-26/Arqui_Soft_Robots/pract_ws2526/install/practica3/share/practica3/environment/path.dsv
-- Symlinking: /home/lorea/Documents/25-26/Arqui_Soft_Robots/pract_ws2526/install/practica3/share/practica3/local_setup.bash
-- Symlinking: /home/lorea/Documents/25-26/Arqui_Soft_Robots/pract_ws2526/install/practica3/share/practica3/local_setup.sh
-- Symlinking: /home/lorea/Documents/25-26/Arqui_Soft_Robots/pract_ws2526/install/practica3/share/practica3/local_setup.zsh
-- Symlinking: /home/lorea/Documents/25-26/Arqui_Soft_Robots/pract_ws2526/install/practica3/share/practica3/local_setup.dsv
-- Symlinking: /home/lorea/Documents/25-26/Arqui_Soft_Robots/pract_ws2526/install/practica3/share/practica3/package.dsv
-- Symlinking: /home/lorea/Documents/25-26/Arqui_Soft_Robots/pract_ws2526/install/practica3/share/ament_index/resource_index/packages/practica3
-- Symlinking: /home/lorea/Documents/25-26/Arqui_Soft_Robots/pract_ws2526/install/practica3/share/practica3/cmake/ament_cmake_export_include_directories-extras.cmake
-- Symlinking: /home/lorea/Documents/25-26/Arqui_Soft_Robots/pract_ws2526/install/practica3/share/practica3/cmake/ament_cmake_export_libraries-extras.cmake
-- Symlinking: /home/lorea/Documents/25-26/Arqui_Soft_Robots/pract_ws2526/install/practica3/share/practica3/cmake/ament_cmake_export_targets-extras.cmake
-- Symlinking: /home/lorea/Documents/25-26/Arqui_Soft_Robots/pract_ws2526/install/practica3/share/practica3/cmake/ament_cmake_export_dependencies-extras.cmake
-- Symlinking: /home/lorea/Documents/25-26/Arqui_Soft_Robots/pract_ws2526/install/practica3/share/practica3/cmake/practica3Config.cmake
-- Symlinking: /home/lorea/Documents/25-26/Arqui_Soft_Robots/pract_ws2526/install/practica3/share/practica3/cmake/practica3Config-version.cmake
-- Symlinking: /home/lorea/Documents/25-26/Arqui_Soft_Robots/pract_ws2526/install/practica3/share/practica3/package.xml
-- Installing: /home/lorea/Documents/25-26/Arqui_Soft_Robots/pract_ws2526/install/practica3/lib/libpractica3.a
-- Installing: /home/lorea/Documents/25-26/Arqui_Soft_Robots/pract_ws2526/install/practica3/lib/practica3/detectObs
-- Set non-toolchain portion of runtime path of "/home/lorea/Documents/25-26/Arqui_Soft_Robots/pract_ws2526/install/practica3/lib/practica3/detectObs" to ""
-- Installing: /home/lorea/Documents/25-26/Arqui_Soft_Robots/pract_ws2526/install/practica3/share/practica3/cmake/export_practica3Export.cmake
-- Installing: /home/lorea/Documents/25-26/Arqui_Soft_Robots/pract_ws2526/install/practica3/share/practica3/cmake/export_practica3Export-noconfig.cmake
