[0.011s] Invoking command in '/home/lorea/Documents/25-26/Arqui_Soft_Robots/pract_ws2526/build/practica3': CMAKE_PREFIX_PATH=${CMAKE_PREFIX_PATH}:/opt/ros/jazzy DEBUGINFOD_URLS=https://debuginfod.ubuntu.com /usr/bin/cmake /home/lorea/Documents/25-26/Arqui_Soft_Robots/pract_ws2526/src/practica3 -DAMENT_CMAKE_SYMLINK_INSTALL=1 -DCMAKE_INSTALL_PREFIX=/home/lorea/Documents/25-26/Arqui_Soft_Robots/pract_ws2526/install/practica3
[0.091s] -- The C compiler identification is GNU 13.3.0
[0.153s] -- The CXX compiler identification is GNU 13.3.0
[0.166s] -- Detecting C compiler ABI info
[0.231s] -- Detecting C compiler ABI info - done
[0.237s] -- Check for working C compiler: /usr/bin/cc - skipped
[0.237s] -- Detecting C compile features
[0.238s] -- Detecting C compile features - done
[0.245s] -- Detecting CXX compiler ABI info
[0.313s] -- Detecting CXX compiler ABI info - done
[0.319s] -- Check for working CXX compiler: /usr/bin/c++ - skipped
[0.319s] -- Detecting CXX compile features
[0.319s] -- Detecting CXX compile features - done
[0.328s] -- Found ament_cmake: 2.5.4 (/opt/ros/jazzy/share/ament_cmake/cmake)
[0.456s] -- Found Python3: /usr/bin/python3 (found version "3.12.3") found components: Interpreter 
[0.524s] -- Override CMake install command with custom implementation using symlinks instead of copying resources
[0.586s] -- Found rclcpp: 28.1.9 (/opt/ros/jazzy/share/rclcpp/cmake)
[0.642s] -- Found rosidl_generator_c: 4.6.5 (/opt/ros/jazzy/share/rosidl_generator_c/cmake)
[0.660s] -- Found rosidl_generator_cpp: 4.6.5 (/opt/ros/jazzy/share/rosidl_generator_cpp/cmake)
[0.682s] -- Using all available rosidl_typesupport_c: rosidl_typesupport_fastrtps_c;rosidl_typesupport_introspection_c
[0.704s] -- Using all available rosidl_typesupport_cpp: rosidl_typesupport_fastrtps_cpp;rosidl_typesupport_introspection_cpp
[0.792s] -- Found rmw_implementation_cmake: 7.3.2 (/opt/ros/jazzy/share/rmw_implementation_cmake/cmake)
[0.798s] -- Found rmw_fastrtps_cpp: 8.4.2 (/opt/ros/jazzy/share/rmw_fastrtps_cpp/cmake)
[0.882s] -- Found OpenSSL: /usr/lib/x86_64-linux-gnu/libcrypto.so (found version "3.0.13")  
[0.898s] -- Found FastRTPS: /opt/ros/jazzy/include (Required is at least version "2.13") 
[0.916s] -- Using RMW implementation 'rmw_fastrtps_cpp' as default
[0.994s] -- Found std_msgs: 5.3.6 (/opt/ros/jazzy/share/std_msgs/cmake)
[1.009s] -- Found geometry_msgs: 5.3.6 (/opt/ros/jazzy/share/geometry_msgs/cmake)
[1.024s] -- Found sensor_msgs: 5.3.6 (/opt/ros/jazzy/share/sensor_msgs/cmake)
[1.047s] -- Found tf2: 0.36.11 (/opt/ros/jazzy/share/tf2/cmake)
[1.053s] -- Found tf2_ros: 0.36.11 (/opt/ros/jazzy/share/tf2_ros/cmake)
[1.180s] -- Found tf2_geometry_msgs: 0.36.11 (/opt/ros/jazzy/share/tf2_geometry_msgs/cmake)
[1.202s] -- Found eigen3_cmake_module: 0.3.0 (/opt/ros/jazzy/share/eigen3_cmake_module/cmake)
[1.203s] -- Found Eigen3: TRUE (found version "3.4.0") 
[1.203s] -- Ensuring Eigen3 include directory is part of orocos-kdl CMake target
[1.208s] -- Found kobuki_ros_interfaces: 1.0.0 (/opt/ros/jazzy/share/kobuki_ros_interfaces/cmake)
[1.238s] -- Found ament_lint_auto: 0.17.2 (/opt/ros/jazzy/share/ament_lint_auto/cmake)
[1.334s] -- Added test 'cppcheck' to perform static code analysis on C / C++ code
[1.334s] -- Configured cppcheck include dirs: $<BUILD_INTERFACE:/home/lorea/Documents/25-26/Arqui_Soft_Robots/pract_ws2526/src/practica3/include>
[1.334s] -- Configured cppcheck exclude dirs and/or files: 
[1.335s] -- Added test 'flake8' to check Python code syntax and style conventions
[1.335s] -- Configured 'flake8' exclude dirs and/or files: 
[1.337s] -- Added test 'lint_cmake' to check CMake code style
[1.339s] -- Added test 'pep257' to check Python code against some of the docstring style conventions in PEP 257
[1.344s] -- Added test 'uncrustify' to check C / C++ code style
[1.344s] -- Configured uncrustify additional arguments: 
[1.345s] -- Added test 'xmllint' to check XML markup files
[1.350s] -- Configuring done (1.3s)
[1.362s] -- Generating done (0.0s)
[1.366s] -- Build files have been written to: /home/lorea/Documents/25-26/Arqui_Soft_Robots/pract_ws2526/build/practica3
[1.373s] Invoked command in '/home/lorea/Documents/25-26/Arqui_Soft_Robots/pract_ws2526/build/practica3' returned '0': CMAKE_PREFIX_PATH=${CMAKE_PREFIX_PATH}:/opt/ros/jazzy DEBUGINFOD_URLS=https://debuginfod.ubuntu.com /usr/bin/cmake /home/lorea/Documents/25-26/Arqui_Soft_Robots/pract_ws2526/src/practica3 -DAMENT_CMAKE_SYMLINK_INSTALL=1 -DCMAKE_INSTALL_PREFIX=/home/lorea/Documents/25-26/Arqui_Soft_Robots/pract_ws2526/install/practica3
[1.374s] Invoking command in '/home/lorea/Documents/25-26/Arqui_Soft_Robots/pract_ws2526/build/practica3': CMAKE_PREFIX_PATH=${CMAKE_PREFIX_PATH}:/opt/ros/jazzy DEBUGINFOD_URLS=https://debuginfod.ubuntu.com /usr/bin/cmake --build /home/lorea/Documents/25-26/Arqui_Soft_Robots/pract_ws2526/build/practica3 -- -j16 -l16
[1.412s] [ 25%] [32mBuilding CXX object CMakeFiles/practica3.dir/src/practica3/DetectObstacle.cpp.o[0m
[7.463s] [ 50%] [32m[1mLinking CXX static library libpractica3.a[0m
[7.571s] [ 50%] Built target practica3
[7.586s] [ 75%] [32mBuilding CXX object CMakeFiles/detectObs.dir/src/detect_obstacle_main.cpp.o[0m
[9.427s] [100%] [32m[1mLinking CXX executable detectObs[0m
[9.712s] [100%] Built target detectObs
[9.720s] Invoked command in '/home/lorea/Documents/25-26/Arqui_Soft_Robots/pract_ws2526/build/practica3' returned '0': CMAKE_PREFIX_PATH=${CMAKE_PREFIX_PATH}:/opt/ros/jazzy DEBUGINFOD_URLS=https://debuginfod.ubuntu.com /usr/bin/cmake --build /home/lorea/Documents/25-26/Arqui_Soft_Robots/pract_ws2526/build/practica3 -- -j16 -l16
[9.728s] Invoking command in '/home/lorea/Documents/25-26/Arqui_Soft_Robots/pract_ws2526/build/practica3': CMAKE_PREFIX_PATH=${CMAKE_PREFIX_PATH}:/opt/ros/jazzy DEBUGINFOD_URLS=https://debuginfod.ubuntu.com /usr/bin/cmake --install /home/lorea/Documents/25-26/Arqui_Soft_Robots/pract_ws2526/build/practica3
[9.734s] -- Install configuration: ""
[9.735s] -- Execute custom install script
[9.735s] -- Symlinking: /home/lorea/Documents/25-26/Arqui_Soft_Robots/pract_ws2526/install/practica3/share/practica3/environment/library_path.sh
[9.742s] -- Symlinking: /home/lorea/Documents/25-26/Arqui_Soft_Robots/pract_ws2526/install/practica3/share/practica3/environment/library_path.dsv
[9.751s] -- Symlinking: /home/lorea/Documents/25-26/Arqui_Soft_Robots/pract_ws2526/install/practica3/share/ament_index/resource_index/package_run_dependencies/practica3
[9.761s] -- Symlinking: /home/lorea/Documents/25-26/Arqui_Soft_Robots/pract_ws2526/install/practica3/share/ament_index/resource_index/parent_prefix_path/practica3
[9.769s] -- Symlinking: /home/lorea/Documents/25-26/Arqui_Soft_Robots/pract_ws2526/install/practica3/share/practica3/environment/ament_prefix_path.sh
[9.775s] -- Symlinking: /home/lorea/Documents/25-26/Arqui_Soft_Robots/pract_ws2526/install/practica3/share/practica3/environment/ament_prefix_path.dsv
[9.781s] -- Symlinking: /home/lorea/Documents/25-26/Arqui_Soft_Robots/pract_ws2526/install/practica3/share/practica3/environment/path.sh
[9.787s] -- Symlinking: /home/lorea/Documents/25-26/Arqui_Soft_Robots/pract_ws2526/install/practica3/share/practica3/environment/path.dsv
[9.793s] -- Symlinking: /home/lorea/Documents/25-26/Arqui_Soft_Robots/pract_ws2526/install/practica3/share/practica3/local_setup.bash
[9.799s] -- Symlinking: /home/lorea/Documents/25-26/Arqui_Soft_Robots/pract_ws2526/install/practica3/share/practica3/local_setup.sh
[9.805s] -- Symlinking: /home/lorea/Documents/25-26/Arqui_Soft_Robots/pract_ws2526/install/practica3/share/practica3/local_setup.zsh
[9.811s] -- Symlinking: /home/lorea/Documents/25-26/Arqui_Soft_Robots/pract_ws2526/install/practica3/share/practica3/local_setup.dsv
[9.816s] -- Symlinking: /home/lorea/Documents/25-26/Arqui_Soft_Robots/pract_ws2526/install/practica3/share/practica3/package.dsv
[9.822s] -- Symlinking: /home/lorea/Documents/25-26/Arqui_Soft_Robots/pract_ws2526/install/practica3/share/ament_index/resource_index/packages/practica3
[9.830s] -- Symlinking: /home/lorea/Documents/25-26/Arqui_Soft_Robots/pract_ws2526/install/practica3/share/practica3/cmake/ament_cmake_export_include_directories-extras.cmake
[9.840s] -- Symlinking: /home/lorea/Documents/25-26/Arqui_Soft_Robots/pract_ws2526/install/practica3/share/practica3/cmake/ament_cmake_export_libraries-extras.cmake
[9.848s] -- Symlinking: /home/lorea/Documents/25-26/Arqui_Soft_Robots/pract_ws2526/install/practica3/share/practica3/cmake/ament_cmake_export_targets-extras.cmake
[9.856s] -- Symlinking: /home/lorea/Documents/25-26/Arqui_Soft_Robots/pract_ws2526/install/practica3/share/practica3/cmake/ament_cmake_export_dependencies-extras.cmake
[9.863s] -- Symlinking: /home/lorea/Documents/25-26/Arqui_Soft_Robots/pract_ws2526/install/practica3/share/practica3/cmake/practica3Config.cmake
[9.868s] -- Symlinking: /home/lorea/Documents/25-26/Arqui_Soft_Robots/pract_ws2526/install/practica3/share/practica3/cmake/practica3Config-version.cmake
[9.874s] -- Symlinking: /home/lorea/Documents/25-26/Arqui_Soft_Robots/pract_ws2526/install/practica3/share/practica3/package.xml
[9.880s] -- Installing: /home/lorea/Documents/25-26/Arqui_Soft_Robots/pract_ws2526/install/practica3/lib/libpractica3.a
[9.885s] -- Installing: /home/lorea/Documents/25-26/Arqui_Soft_Robots/pract_ws2526/install/practica3/lib/practica3/detectObs
[9.889s] -- Set non-toolchain portion of runtime path of "/home/lorea/Documents/25-26/Arqui_Soft_Robots/pract_ws2526/install/practica3/lib/practica3/detectObs" to ""
[9.889s] -- Installing: /home/lorea/Documents/25-26/Arqui_Soft_Robots/pract_ws2526/install/practica3/share/practica3/cmake/export_practica3Export.cmake
[9.889s] -- Installing: /home/lorea/Documents/25-26/Arqui_Soft_Robots/pract_ws2526/install/practica3/share/practica3/cmake/export_practica3Export-noconfig.cmake
[9.891s] Invoked command in '/home/lorea/Documents/25-26/Arqui_Soft_Robots/pract_ws2526/build/practica3' returned '0': CMAKE_PREFIX_PATH=${CMAKE_PREFIX_PATH}:/opt/ros/jazzy DEBUGINFOD_URLS=https://debuginfod.ubuntu.com /usr/bin/cmake --install /home/lorea/Documents/25-26/Arqui_Soft_Robots/pract_ws2526/build/practica3
