[0.009s] Invoking command in '/home/lorea/Documents/25-26/Arqui_Soft_Robots/pract_ws2526/build/practica2': CMAKE_PREFIX_PATH=${CMAKE_PREFIX_PATH}:/opt/ros/jazzy DEBUGINFOD_URLS=https://debuginfod.ubuntu.com /usr/bin/cmake /home/lorea/Documents/25-26/Arqui_Soft_Robots/pract_ws2526/src/practica2 -DAMENT_CMAKE_SYMLINK_INSTALL=1 -DCMAKE_INSTALL_PREFIX=/home/lorea/Documents/25-26/Arqui_Soft_Robots/pract_ws2526/install/practica2
[0.050s] -- The C compiler identification is GNU 13.3.0
[0.089s] -- The CXX compiler identification is GNU 13.3.0
[0.101s] -- Detecting C compiler ABI info
[0.164s] -- Detecting C compiler ABI info - done
[0.171s] -- Check for working C compiler: /usr/bin/cc - skipped
[0.171s] -- Detecting C compile features
[0.171s] -- Detecting C compile features - done
[0.178s] -- Detecting CXX compiler ABI info
[0.250s] -- Detecting CXX compiler ABI info - done
[0.256s] -- Check for working CXX compiler: /usr/bin/c++ - skipped
[0.256s] -- Detecting CXX compile features
[0.257s] -- Detecting CXX compile features - done
[0.261s] -- Found ament_cmake: 2.5.4 (/opt/ros/jazzy/share/ament_cmake/cmake)
[0.393s] -- Found Python3: /usr/bin/python3 (found version "3.12.3") found components: Interpreter 
[0.446s] -- Override CMake install command with custom implementation using symlinks instead of copying resources
[0.500s] -- Found rclcpp: 28.1.9 (/opt/ros/jazzy/share/rclcpp/cmake)
[0.550s] -- Found rosidl_generator_c: 4.6.5 (/opt/ros/jazzy/share/rosidl_generator_c/cmake)
[0.567s] -- Found rosidl_generator_cpp: 4.6.5 (/opt/ros/jazzy/share/rosidl_generator_cpp/cmake)
[0.586s] -- Using all available rosidl_typesupport_c: rosidl_typesupport_fastrtps_c;rosidl_typesupport_introspection_c
[0.606s] -- Using all available rosidl_typesupport_cpp: rosidl_typesupport_fastrtps_cpp;rosidl_typesupport_introspection_cpp
[0.682s] -- Found rmw_implementation_cmake: 7.3.2 (/opt/ros/jazzy/share/rmw_implementation_cmake/cmake)
[0.688s] -- Found rmw_fastrtps_cpp: 8.4.2 (/opt/ros/jazzy/share/rmw_fastrtps_cpp/cmake)
[0.761s] -- Found OpenSSL: /usr/lib/x86_64-linux-gnu/libcrypto.so (found version "3.0.13")  
[0.779s] -- Found FastRTPS: /opt/ros/jazzy/include (Required is at least version "2.13") 
[0.798s] -- Using RMW implementation 'rmw_fastrtps_cpp' as default
[0.871s] -- Found std_msgs: 5.3.6 (/opt/ros/jazzy/share/std_msgs/cmake)
[0.883s] -- Found geometry_msgs: 5.3.6 (/opt/ros/jazzy/share/geometry_msgs/cmake)
[0.897s] -- Found kobuki_ros_interfaces: 1.0.0 (/opt/ros/jazzy/share/kobuki_ros_interfaces/cmake)
[0.952s] -- Found ament_lint_auto: 0.17.2 (/opt/ros/jazzy/share/ament_lint_auto/cmake)
[1.043s] -- Added test 'cppcheck' to perform static code analysis on C / C++ code
[1.043s] -- Configured cppcheck include dirs: $<BUILD_INTERFACE:/home/lorea/Documents/25-26/Arqui_Soft_Robots/pract_ws2526/src/practica2/include>
[1.043s] -- Configured cppcheck exclude dirs and/or files: 
[1.044s] -- Added test 'lint_cmake' to check CMake code style
[1.045s] -- Added test 'uncrustify' to check C / C++ code style
[1.046s] -- Configured uncrustify additional arguments: 
[1.046s] -- Added test 'xmllint' to check XML markup files
[1.050s] -- Configuring done (1.0s)
[1.060s] -- Generating done (0.0s)
[1.063s] -- Build files have been written to: /home/lorea/Documents/25-26/Arqui_Soft_Robots/pract_ws2526/build/practica2
[1.070s] Invoked command in '/home/lorea/Documents/25-26/Arqui_Soft_Robots/pract_ws2526/build/practica2' returned '0': CMAKE_PREFIX_PATH=${CMAKE_PREFIX_PATH}:/opt/ros/jazzy DEBUGINFOD_URLS=https://debuginfod.ubuntu.com /usr/bin/cmake /home/lorea/Documents/25-26/Arqui_Soft_Robots/pract_ws2526/src/practica2 -DAMENT_CMAKE_SYMLINK_INSTALL=1 -DCMAKE_INSTALL_PREFIX=/home/lorea/Documents/25-26/Arqui_Soft_Robots/pract_ws2526/install/practica2
[1.071s] Invoking command in '/home/lorea/Documents/25-26/Arqui_Soft_Robots/pract_ws2526/build/practica2': CMAKE_PREFIX_PATH=${CMAKE_PREFIX_PATH}:/opt/ros/jazzy DEBUGINFOD_URLS=https://debuginfod.ubuntu.com /usr/bin/cmake --build /home/lorea/Documents/25-26/Arqui_Soft_Robots/pract_ws2526/build/practica2 -- -j16 -l16
[1.119s] [ 25%] [32mBuilding CXX object CMakeFiles/practica2.dir/src/practica2/TeleOptNode.cpp.o[0m
[6.267s] [ 50%] [32m[1mLinking CXX static library libpractica2.a[0m
[6.356s] [ 50%] Built target practica2
[6.373s] [ 75%] [32mBuilding CXX object CMakeFiles/teleopt.dir/src/teleopt_main.cpp.o[0m
[8.188s] [100%] [32m[1mLinking CXX executable teleopt[0m
[8.382s] [100%] Built target teleopt
[8.391s] Invoked command in '/home/lorea/Documents/25-26/Arqui_Soft_Robots/pract_ws2526/build/practica2' returned '0': CMAKE_PREFIX_PATH=${CMAKE_PREFIX_PATH}:/opt/ros/jazzy DEBUGINFOD_URLS=https://debuginfod.ubuntu.com /usr/bin/cmake --build /home/lorea/Documents/25-26/Arqui_Soft_Robots/pract_ws2526/build/practica2 -- -j16 -l16
[8.399s] Invoking command in '/home/lorea/Documents/25-26/Arqui_Soft_Robots/pract_ws2526/build/practica2': CMAKE_PREFIX_PATH=${CMAKE_PREFIX_PATH}:/opt/ros/jazzy DEBUGINFOD_URLS=https://debuginfod.ubuntu.com /usr/bin/cmake --install /home/lorea/Documents/25-26/Arqui_Soft_Robots/pract_ws2526/build/practica2
[8.404s] -- Install configuration: ""
[8.404s] -- Execute custom install script
[8.405s] -- Symlinking: /home/lorea/Documents/25-26/Arqui_Soft_Robots/pract_ws2526/install/practica2/share/practica2/environment/library_path.sh
[8.411s] -- Symlinking: /home/lorea/Documents/25-26/Arqui_Soft_Robots/pract_ws2526/install/practica2/share/practica2/environment/library_path.dsv
[8.418s] -- Symlinking: /home/lorea/Documents/25-26/Arqui_Soft_Robots/pract_ws2526/install/practica2/share/ament_index/resource_index/package_run_dependencies/practica2
[8.425s] -- Symlinking: /home/lorea/Documents/25-26/Arqui_Soft_Robots/pract_ws2526/install/practica2/share/ament_index/resource_index/parent_prefix_path/practica2
[8.432s] -- Symlinking: /home/lorea/Documents/25-26/Arqui_Soft_Robots/pract_ws2526/install/practica2/share/practica2/environment/ament_prefix_path.sh
[8.438s] -- Symlinking: /home/lorea/Documents/25-26/Arqui_Soft_Robots/pract_ws2526/install/practica2/share/practica2/environment/ament_prefix_path.dsv
[8.445s] -- Symlinking: /home/lorea/Documents/25-26/Arqui_Soft_Robots/pract_ws2526/install/practica2/share/practica2/environment/path.sh
[8.452s] -- Symlinking: /home/lorea/Documents/25-26/Arqui_Soft_Robots/pract_ws2526/install/practica2/share/practica2/environment/path.dsv
[8.459s] -- Symlinking: /home/lorea/Documents/25-26/Arqui_Soft_Robots/pract_ws2526/install/practica2/share/practica2/local_setup.bash
[8.465s] -- Symlinking: /home/lorea/Documents/25-26/Arqui_Soft_Robots/pract_ws2526/install/practica2/share/practica2/local_setup.sh
[8.471s] -- Symlinking: /home/lorea/Documents/25-26/Arqui_Soft_Robots/pract_ws2526/install/practica2/share/practica2/local_setup.zsh
[8.477s] -- Symlinking: /home/lorea/Documents/25-26/Arqui_Soft_Robots/pract_ws2526/install/practica2/share/practica2/local_setup.dsv
[8.483s] -- Symlinking: /home/lorea/Documents/25-26/Arqui_Soft_Robots/pract_ws2526/install/practica2/share/practica2/package.dsv
[8.490s] -- Symlinking: /home/lorea/Documents/25-26/Arqui_Soft_Robots/pract_ws2526/install/practica2/share/ament_index/resource_index/packages/practica2
[8.497s] -- Symlinking: /home/lorea/Documents/25-26/Arqui_Soft_Robots/pract_ws2526/install/practica2/share/practica2/cmake/ament_cmake_export_include_directories-extras.cmake
[8.504s] -- Symlinking: /home/lorea/Documents/25-26/Arqui_Soft_Robots/pract_ws2526/install/practica2/share/practica2/cmake/ament_cmake_export_libraries-extras.cmake
[8.511s] -- Symlinking: /home/lorea/Documents/25-26/Arqui_Soft_Robots/pract_ws2526/install/practica2/share/practica2/cmake/ament_cmake_export_targets-extras.cmake
[8.517s] -- Symlinking: /home/lorea/Documents/25-26/Arqui_Soft_Robots/pract_ws2526/install/practica2/share/practica2/cmake/ament_cmake_export_dependencies-extras.cmake
[8.524s] -- Symlinking: /home/lorea/Documents/25-26/Arqui_Soft_Robots/pract_ws2526/install/practica2/share/practica2/cmake/practica2Config.cmake
[8.530s] -- Symlinking: /home/lorea/Documents/25-26/Arqui_Soft_Robots/pract_ws2526/install/practica2/share/practica2/cmake/practica2Config-version.cmake
[8.537s] -- Symlinking: /home/lorea/Documents/25-26/Arqui_Soft_Robots/pract_ws2526/install/practica2/share/practica2/package.xml
[8.544s] -- Installing: /home/lorea/Documents/25-26/Arqui_Soft_Robots/pract_ws2526/install/practica2/lib/libpractica2.a
[8.548s] -- Installing: /home/lorea/Documents/25-26/Arqui_Soft_Robots/pract_ws2526/install/practica2/lib/practica2/teleopt
[8.550s] -- Set non-toolchain portion of runtime path of "/home/lorea/Documents/25-26/Arqui_Soft_Robots/pract_ws2526/install/practica2/lib/practica2/teleopt" to ""
[8.550s] -- Installing: /home/lorea/Documents/25-26/Arqui_Soft_Robots/pract_ws2526/install/practica2/share/practica2/cmake/export_practica2Export.cmake
[8.550s] -- Installing: /home/lorea/Documents/25-26/Arqui_Soft_Robots/pract_ws2526/install/practica2/share/practica2/cmake/export_practica2Export-noconfig.cmake
[8.552s] Invoked command in '/home/lorea/Documents/25-26/Arqui_Soft_Robots/pract_ws2526/build/practica2' returned '0': CMAKE_PREFIX_PATH=${CMAKE_PREFIX_PATH}:/opt/ros/jazzy DEBUGINFOD_URLS=https://debuginfod.ubuntu.com /usr/bin/cmake --install /home/lorea/Documents/25-26/Arqui_Soft_Robots/pract_ws2526/build/practica2
