[0.173s] DEBUG:colcon:Command line arguments: ['/usr/bin/colcon', 'build', '--symlink-install', '--packages-select', 'practica2']
[0.174s] DEBUG:colcon:Parsed command line arguments: Namespace(log_base=None, log_level=None, verb_name='build', build_base='build', install_base='install', merge_install=False, symlink_install=True, test_result_base=None, continue_on_error=False, executor='parallel', parallel_workers=16, event_handlers=None, ignore_user_meta=False, metas=['./colcon.meta'], base_paths=['.'], packages_ignore=None, packages_ignore_regex=None, paths=None, packages_up_to=None, packages_up_to_regex=None, packages_above=None, packages_above_and_dependencies=None, packages_above_depth=None, packages_select_by_dep=None, packages_skip_by_dep=None, packages_skip_up_to=None, packages_select_build_failed=False, packages_skip_build_finished=False, packages_select_test_failures=False, packages_skip_test_passed=False, packages_select=['practica2'], packages_skip=None, packages_select_regex=None, packages_skip_regex=None, packages_start=None, packages_end=None, allow_overriding=[], cmake_args=None, cmake_target=None, cmake_target_skip_unavailable=False, cmake_clean_cache=False, cmake_clean_first=False, cmake_force_configure=False, ament_cmake_args=None, catkin_cmake_args=None, catkin_skip_building_tests=False, mixin_files=None, mixin=None, verb_parser=<colcon_mixin.mixin.mixin_argument.MixinArgumentDecorator object at 0x7ae628d43e60>, verb_extension=<colcon_core.verb.build.BuildVerb object at 0x7ae629dfe540>, main=<bound method BuildVerb.main of <colcon_core.verb.build.BuildVerb object at 0x7ae629dfe540>>, mixin_verb=('build',))
[0.214s] Level 1:colcon.colcon_core.package_discovery:discover_packages(colcon_meta) check parameters
[0.215s] Level 1:colcon.colcon_core.package_discovery:discover_packages(recursive) check parameters
[0.215s] Level 1:colcon.colcon_core.package_discovery:discover_packages(ignore) check parameters
[0.215s] Level 1:colcon.colcon_core.package_discovery:discover_packages(path) check parameters
[0.215s] Level 1:colcon.colcon_core.package_discovery:discover_packages(colcon_meta) discover
[0.215s] Level 1:colcon.colcon_core.package_discovery:discover_packages(recursive) discover
[0.215s] INFO:colcon.colcon_core.package_discovery:Crawling recursively for packages in '/home/lorea/Documents/25-26/Arqui_Soft_Robots/pract_ws2526'
[0.215s] Level 1:colcon.colcon_core.package_identification:_identify(.) by extensions ['ignore', 'ignore_ament_install']
[0.215s] Level 1:colcon.colcon_core.package_identification:_identify(.) by extension 'ignore'
[0.215s] Level 1:colcon.colcon_core.package_identification:_identify(.) by extension 'ignore_ament_install'
[0.215s] Level 1:colcon.colcon_core.package_identification:_identify(.) by extensions ['colcon_pkg']
[0.215s] Level 1:colcon.colcon_core.package_identification:_identify(.) by extension 'colcon_pkg'
[0.215s] Level 1:colcon.colcon_core.package_identification:_identify(.) by extensions ['colcon_meta']
[0.215s] Level 1:colcon.colcon_core.package_identification:_identify(.) by extension 'colcon_meta'
[0.215s] Level 1:colcon.colcon_core.package_identification:_identify(.) by extensions ['ros']
[0.215s] Level 1:colcon.colcon_core.package_identification:_identify(.) by extension 'ros'
[0.239s] Level 1:colcon.colcon_core.package_identification:_identify(.) by extensions ['cmake', 'python']
[0.240s] Level 1:colcon.colcon_core.package_identification:_identify(.) by extension 'cmake'
[0.240s] Level 1:colcon.colcon_core.package_identification:_identify(.) by extension 'python'
[0.240s] Level 1:colcon.colcon_core.package_identification:_identify(.) by extensions ['python_setup_py']
[0.240s] Level 1:colcon.colcon_core.package_identification:_identify(.) by extension 'python_setup_py'
[0.240s] Level 1:colcon.colcon_core.package_identification:_identify(build) by extensions ['ignore', 'ignore_ament_install']
[0.240s] Level 1:colcon.colcon_core.package_identification:_identify(build) by extension 'ignore'
[0.240s] Level 1:colcon.colcon_core.package_identification:_identify(build) ignored
[0.240s] Level 1:colcon.colcon_core.package_identification:_identify(install) by extensions ['ignore', 'ignore_ament_install']
[0.240s] Level 1:colcon.colcon_core.package_identification:_identify(install) by extension 'ignore'
[0.240s] Level 1:colcon.colcon_core.package_identification:_identify(install) ignored
[0.240s] Level 1:colcon.colcon_core.package_identification:_identify(log) by extensions ['ignore', 'ignore_ament_install']
[0.240s] Level 1:colcon.colcon_core.package_identification:_identify(log) by extension 'ignore'
[0.240s] Level 1:colcon.colcon_core.package_identification:_identify(log) ignored
[0.240s] Level 1:colcon.colcon_core.package_identification:_identify(src) by extensions ['ignore', 'ignore_ament_install']
[0.240s] Level 1:colcon.colcon_core.package_identification:_identify(src) by extension 'ignore'
[0.240s] Level 1:colcon.colcon_core.package_identification:_identify(src) by extension 'ignore_ament_install'
[0.241s] Level 1:colcon.colcon_core.package_identification:_identify(src) by extensions ['colcon_pkg']
[0.241s] Level 1:colcon.colcon_core.package_identification:_identify(src) by extension 'colcon_pkg'
[0.241s] Level 1:colcon.colcon_core.package_identification:_identify(src) by extensions ['colcon_meta']
[0.241s] Level 1:colcon.colcon_core.package_identification:_identify(src) by extension 'colcon_meta'
[0.241s] Level 1:colcon.colcon_core.package_identification:_identify(src) by extensions ['ros']
[0.241s] Level 1:colcon.colcon_core.package_identification:_identify(src) by extension 'ros'
[0.241s] Level 1:colcon.colcon_core.package_identification:_identify(src) by extensions ['cmake', 'python']
[0.241s] Level 1:colcon.colcon_core.package_identification:_identify(src) by extension 'cmake'
[0.241s] Level 1:colcon.colcon_core.package_identification:_identify(src) by extension 'python'
[0.241s] Level 1:colcon.colcon_core.package_identification:_identify(src) by extensions ['python_setup_py']
[0.241s] Level 1:colcon.colcon_core.package_identification:_identify(src) by extension 'python_setup_py'
[0.241s] Level 1:colcon.colcon_core.package_identification:_identify(src/practica1) by extensions ['ignore', 'ignore_ament_install']
[0.241s] Level 1:colcon.colcon_core.package_identification:_identify(src/practica1) by extension 'ignore'
[0.241s] Level 1:colcon.colcon_core.package_identification:_identify(src/practica1) by extension 'ignore_ament_install'
[0.241s] Level 1:colcon.colcon_core.package_identification:_identify(src/practica1) by extensions ['colcon_pkg']
[0.241s] Level 1:colcon.colcon_core.package_identification:_identify(src/practica1) by extension 'colcon_pkg'
[0.241s] Level 1:colcon.colcon_core.package_identification:_identify(src/practica1) by extensions ['colcon_meta']
[0.241s] Level 1:colcon.colcon_core.package_identification:_identify(src/practica1) by extension 'colcon_meta'
[0.241s] Level 1:colcon.colcon_core.package_identification:_identify(src/practica1) by extensions ['ros']
[0.241s] Level 1:colcon.colcon_core.package_identification:_identify(src/practica1) by extension 'ros'
[0.241s] Level 1:colcon.colcon_core.package_identification:_identify(src/practica1) by extensions ['cmake', 'python']
[0.241s] Level 1:colcon.colcon_core.package_identification:_identify(src/practica1) by extension 'cmake'
[0.241s] Level 1:colcon.colcon_core.package_identification:_identify(src/practica1) by extension 'python'
[0.241s] Level 1:colcon.colcon_core.package_identification:_identify(src/practica1) by extensions ['python_setup_py']
[0.241s] Level 1:colcon.colcon_core.package_identification:_identify(src/practica1) by extension 'python_setup_py'
[0.242s] Level 1:colcon.colcon_core.package_identification:_identify(src/practica2) by extensions ['ignore', 'ignore_ament_install']
[0.242s] Level 1:colcon.colcon_core.package_identification:_identify(src/practica2) by extension 'ignore'
[0.242s] Level 1:colcon.colcon_core.package_identification:_identify(src/practica2) by extension 'ignore_ament_install'
[0.242s] Level 1:colcon.colcon_core.package_identification:_identify(src/practica2) by extensions ['colcon_pkg']
[0.242s] Level 1:colcon.colcon_core.package_identification:_identify(src/practica2) by extension 'colcon_pkg'
[0.242s] Level 1:colcon.colcon_core.package_identification:_identify(src/practica2) by extensions ['colcon_meta']
[0.242s] Level 1:colcon.colcon_core.package_identification:_identify(src/practica2) by extension 'colcon_meta'
[0.242s] Level 1:colcon.colcon_core.package_identification:_identify(src/practica2) by extensions ['ros']
[0.242s] Level 1:colcon.colcon_core.package_identification:_identify(src/practica2) by extension 'ros'
[0.246s] DEBUG:colcon.colcon_core.package_identification:Package 'src/practica2' with type 'ros.ament_cmake' and name 'practica2'
[0.246s] Level 1:colcon.colcon_core.package_discovery:discover_packages(recursive) using defaults
[0.246s] Level 1:colcon.colcon_core.package_discovery:discover_packages(ignore) discover
[0.246s] Level 1:colcon.colcon_core.package_discovery:discover_packages(ignore) using defaults
[0.246s] Level 1:colcon.colcon_core.package_discovery:discover_packages(path) discover
[0.246s] Level 1:colcon.colcon_core.package_discovery:discover_packages(path) using defaults
[0.264s] Level 1:colcon.colcon_core.package_discovery:discover_packages(prefix_path) check parameters
[0.264s] Level 1:colcon.colcon_core.package_discovery:discover_packages(prefix_path) discover
[0.266s] WARNING:colcon.colcon_ros.prefix_path.ament:The path '/home/lorea/Documents/25-26/Arqui_Soft_Robots/pract_ws2526/install/practica2' in the environment variable AMENT_PREFIX_PATH doesn't exist
[0.267s] WARNING:colcon.colcon_ros.prefix_path.catkin:The path '/home/lorea/Documents/25-26/Arqui_Soft_Robots/pract_ws2526/install/practica2' in the environment variable CMAKE_PREFIX_PATH doesn't exist
[0.268s] DEBUG:colcon.colcon_installed_package_information.package_discovery:Found 0 installed packages in /home/lorea/Documents/25-26/Arqui_Soft_Robots/pract_ws2526/install
[0.270s] DEBUG:colcon.colcon_installed_package_information.package_discovery:Found 41 installed packages in /home/lorea/ros/ROS2/asr_ws/install
[0.272s] DEBUG:colcon.colcon_installed_package_information.package_discovery:Found 398 installed packages in /opt/ros/jazzy
[0.273s] Level 1:colcon.colcon_core.package_discovery:discover_packages(prefix_path) using defaults
[0.325s] Level 5:colcon.colcon_core.verb:set package 'practica2' build argument 'cmake_args' from command line to 'None'
[0.325s] Level 5:colcon.colcon_core.verb:set package 'practica2' build argument 'cmake_target' from command line to 'None'
[0.325s] Level 5:colcon.colcon_core.verb:set package 'practica2' build argument 'cmake_target_skip_unavailable' from command line to 'False'
[0.325s] Level 5:colcon.colcon_core.verb:set package 'practica2' build argument 'cmake_clean_cache' from command line to 'False'
[0.325s] Level 5:colcon.colcon_core.verb:set package 'practica2' build argument 'cmake_clean_first' from command line to 'False'
[0.325s] Level 5:colcon.colcon_core.verb:set package 'practica2' build argument 'cmake_force_configure' from command line to 'False'
[0.325s] Level 5:colcon.colcon_core.verb:set package 'practica2' build argument 'ament_cmake_args' from command line to 'None'
[0.325s] Level 5:colcon.colcon_core.verb:set package 'practica2' build argument 'catkin_cmake_args' from command line to 'None'
[0.325s] Level 5:colcon.colcon_core.verb:set package 'practica2' build argument 'catkin_skip_building_tests' from command line to 'False'
[0.325s] DEBUG:colcon.colcon_core.verb:Building package 'practica2' with the following arguments: {'ament_cmake_args': None, 'build_base': '/home/lorea/Documents/25-26/Arqui_Soft_Robots/pract_ws2526/build/practica2', 'catkin_cmake_args': None, 'catkin_skip_building_tests': False, 'cmake_args': None, 'cmake_clean_cache': False, 'cmake_clean_first': False, 'cmake_force_configure': False, 'cmake_target': None, 'cmake_target_skip_unavailable': False, 'install_base': '/home/lorea/Documents/25-26/Arqui_Soft_Robots/pract_ws2526/install/practica2', 'merge_install': False, 'path': '/home/lorea/Documents/25-26/Arqui_Soft_Robots/pract_ws2526/src/practica2', 'symlink_install': True, 'test_result_base': None}
[0.325s] INFO:colcon.colcon_core.executor:Executing jobs using 'parallel' executor
[0.326s] DEBUG:colcon.colcon_parallel_executor.executor.parallel:run_until_complete
[0.326s] INFO:colcon.colcon_ros.task.ament_cmake.build:Building ROS package in '/home/lorea/Documents/25-26/Arqui_Soft_Robots/pract_ws2526/src/practica2' with build type 'ament_cmake'
[0.326s] INFO:colcon.colcon_cmake.task.cmake.build:Building CMake package in '/home/lorea/Documents/25-26/Arqui_Soft_Robots/pract_ws2526/src/practica2'
[0.329s] INFO:colcon.colcon_core.plugin_system:Skipping extension 'colcon_core.shell.bat': Not used on non-Windows systems
[0.330s] INFO:colcon.colcon_core.shell:Skip shell extension 'powershell' for command environment: Not usable outside of PowerShell
[0.330s] DEBUG:colcon.colcon_core.shell:Skip shell extension 'dsv' for command environment
[0.341s] DEBUG:colcon.colcon_core.event_handler.log_command:Invoking command in '/home/lorea/Documents/25-26/Arqui_Soft_Robots/pract_ws2526/build/practica2': CMAKE_PREFIX_PATH=${CMAKE_PREFIX_PATH}:/opt/ros/jazzy DEBUGINFOD_URLS=https://debuginfod.ubuntu.com /usr/bin/cmake /home/lorea/Documents/25-26/Arqui_Soft_Robots/pract_ws2526/src/practica2 -DAMENT_CMAKE_SYMLINK_INSTALL=1 -DCMAKE_INSTALL_PREFIX=/home/lorea/Documents/25-26/Arqui_Soft_Robots/pract_ws2526/install/practica2
[2.372s] DEBUG:colcon.colcon_core.event_handler.log_command:Invoked command in '/home/lorea/Documents/25-26/Arqui_Soft_Robots/pract_ws2526/build/practica2' returned '0': CMAKE_PREFIX_PATH=${CMAKE_PREFIX_PATH}:/opt/ros/jazzy DEBUGINFOD_URLS=https://debuginfod.ubuntu.com /usr/bin/cmake /home/lorea/Documents/25-26/Arqui_Soft_Robots/pract_ws2526/src/practica2 -DAMENT_CMAKE_SYMLINK_INSTALL=1 -DCMAKE_INSTALL_PREFIX=/home/lorea/Documents/25-26/Arqui_Soft_Robots/pract_ws2526/install/practica2
[2.373s] DEBUG:colcon.colcon_core.event_handler.log_command:Invoking command in '/home/lorea/Documents/25-26/Arqui_Soft_Robots/pract_ws2526/build/practica2': CMAKE_PREFIX_PATH=${CMAKE_PREFIX_PATH}:/opt/ros/jazzy DEBUGINFOD_URLS=https://debuginfod.ubuntu.com /usr/bin/cmake --build /home/lorea/Documents/25-26/Arqui_Soft_Robots/pract_ws2526/build/practica2 -- -j16 -l16
[13.407s] DEBUG:colcon.colcon_core.event_handler.log_command:Invoked command in '/home/lorea/Documents/25-26/Arqui_Soft_Robots/pract_ws2526/build/practica2' returned '0': CMAKE_PREFIX_PATH=${CMAKE_PREFIX_PATH}:/opt/ros/jazzy DEBUGINFOD_URLS=https://debuginfod.ubuntu.com /usr/bin/cmake --build /home/lorea/Documents/25-26/Arqui_Soft_Robots/pract_ws2526/build/practica2 -- -j16 -l16
[13.424s] DEBUG:colcon.colcon_core.event_handler.log_command:Invoking command in '/home/lorea/Documents/25-26/Arqui_Soft_Robots/pract_ws2526/build/practica2': CMAKE_PREFIX_PATH=${CMAKE_PREFIX_PATH}:/opt/ros/jazzy DEBUGINFOD_URLS=https://debuginfod.ubuntu.com /usr/bin/cmake --install /home/lorea/Documents/25-26/Arqui_Soft_Robots/pract_ws2526/build/practica2
[13.813s] Level 1:colcon.colcon_core.environment:create_environment_scripts_only(practica2)
[13.814s] DEBUG:colcon.colcon_core.event_handler.log_command:Invoked command in '/home/lorea/Documents/25-26/Arqui_Soft_Robots/pract_ws2526/build/practica2' returned '0': CMAKE_PREFIX_PATH=${CMAKE_PREFIX_PATH}:/opt/ros/jazzy DEBUGINFOD_URLS=https://debuginfod.ubuntu.com /usr/bin/cmake --install /home/lorea/Documents/25-26/Arqui_Soft_Robots/pract_ws2526/build/practica2
[13.822s] Level 1:colcon.colcon_core.environment:checking '/home/lorea/Documents/25-26/Arqui_Soft_Robots/pract_ws2526/install/practica2' for CMake module files
[13.823s] Level 1:colcon.colcon_core.environment:checking '/home/lorea/Documents/25-26/Arqui_Soft_Robots/pract_ws2526/install/practica2' for CMake config files
[13.823s] Level 1:colcon.colcon_core.shell:create_environment_hook('practica2', 'cmake_prefix_path')
[13.824s] INFO:colcon.colcon_core.shell:Creating environment hook '/home/lorea/Documents/25-26/Arqui_Soft_Robots/pract_ws2526/install/practica2/share/practica2/hook/cmake_prefix_path.ps1'
[13.825s] INFO:colcon.colcon_core.shell:Creating environment descriptor '/home/lorea/Documents/25-26/Arqui_Soft_Robots/pract_ws2526/install/practica2/share/practica2/hook/cmake_prefix_path.dsv'
[13.825s] INFO:colcon.colcon_core.shell:Creating environment hook '/home/lorea/Documents/25-26/Arqui_Soft_Robots/pract_ws2526/install/practica2/share/practica2/hook/cmake_prefix_path.sh'
[13.827s] Level 1:colcon.colcon_core.environment:checking '/home/lorea/Documents/25-26/Arqui_Soft_Robots/pract_ws2526/install/practica2/lib'
[13.827s] Level 1:colcon.colcon_core.environment:checking '/home/lorea/Documents/25-26/Arqui_Soft_Robots/pract_ws2526/install/practica2/bin'
[13.827s] Level 1:colcon.colcon_core.environment:checking '/home/lorea/Documents/25-26/Arqui_Soft_Robots/pract_ws2526/install/practica2/lib/pkgconfig/practica2.pc'
[13.828s] Level 1:colcon.colcon_core.environment:checking '/home/lorea/Documents/25-26/Arqui_Soft_Robots/pract_ws2526/install/practica2/lib/python3.12/site-packages'
[13.828s] Level 1:colcon.colcon_core.environment:checking '/home/lorea/Documents/25-26/Arqui_Soft_Robots/pract_ws2526/install/practica2/bin'
[13.829s] INFO:colcon.colcon_core.shell:Creating package script '/home/lorea/Documents/25-26/Arqui_Soft_Robots/pract_ws2526/install/practica2/share/practica2/package.ps1'
[13.830s] INFO:colcon.colcon_core.shell:Creating package descriptor '/home/lorea/Documents/25-26/Arqui_Soft_Robots/pract_ws2526/install/practica2/share/practica2/package.dsv'
[13.831s] INFO:colcon.colcon_core.shell:Creating package script '/home/lorea/Documents/25-26/Arqui_Soft_Robots/pract_ws2526/install/practica2/share/practica2/package.sh'
[13.832s] INFO:colcon.colcon_core.shell:Creating package script '/home/lorea/Documents/25-26/Arqui_Soft_Robots/pract_ws2526/install/practica2/share/practica2/package.bash'
[13.833s] INFO:colcon.colcon_core.shell:Creating package script '/home/lorea/Documents/25-26/Arqui_Soft_Robots/pract_ws2526/install/practica2/share/practica2/package.zsh'
[13.833s] Level 1:colcon.colcon_core.environment:create_file_with_runtime_dependencies(/home/lorea/Documents/25-26/Arqui_Soft_Robots/pract_ws2526/install/practica2/share/colcon-core/packages/practica2)
[13.834s] Level 1:colcon.colcon_core.environment:create_environment_scripts_only(practica2)
[13.835s] Level 1:colcon.colcon_core.environment:checking '/home/lorea/Documents/25-26/Arqui_Soft_Robots/pract_ws2526/install/practica2' for CMake module files
[13.836s] Level 1:colcon.colcon_core.environment:checking '/home/lorea/Documents/25-26/Arqui_Soft_Robots/pract_ws2526/install/practica2' for CMake config files
[13.836s] Level 1:colcon.colcon_core.shell:create_environment_hook('practica2', 'cmake_prefix_path')
[13.836s] INFO:colcon.colcon_core.shell:Creating environment hook '/home/lorea/Documents/25-26/Arqui_Soft_Robots/pract_ws2526/install/practica2/share/practica2/hook/cmake_prefix_path.ps1'
[13.837s] INFO:colcon.colcon_core.shell:Creating environment descriptor '/home/lorea/Documents/25-26/Arqui_Soft_Robots/pract_ws2526/install/practica2/share/practica2/hook/cmake_prefix_path.dsv'
[13.837s] INFO:colcon.colcon_core.shell:Creating environment hook '/home/lorea/Documents/25-26/Arqui_Soft_Robots/pract_ws2526/install/practica2/share/practica2/hook/cmake_prefix_path.sh'
[13.838s] Level 1:colcon.colcon_core.environment:checking '/home/lorea/Documents/25-26/Arqui_Soft_Robots/pract_ws2526/install/practica2/lib'
[13.839s] Level 1:colcon.colcon_core.environment:checking '/home/lorea/Documents/25-26/Arqui_Soft_Robots/pract_ws2526/install/practica2/bin'
[13.839s] Level 1:colcon.colcon_core.environment:checking '/home/lorea/Documents/25-26/Arqui_Soft_Robots/pract_ws2526/install/practica2/lib/pkgconfig/practica2.pc'
[13.839s] Level 1:colcon.colcon_core.environment:checking '/home/lorea/Documents/25-26/Arqui_Soft_Robots/pract_ws2526/install/practica2/lib/python3.12/site-packages'
[13.839s] Level 1:colcon.colcon_core.environment:checking '/home/lorea/Documents/25-26/Arqui_Soft_Robots/pract_ws2526/install/practica2/bin'
[13.840s] INFO:colcon.colcon_core.shell:Creating package script '/home/lorea/Documents/25-26/Arqui_Soft_Robots/pract_ws2526/install/practica2/share/practica2/package.ps1'
[13.841s] INFO:colcon.colcon_core.shell:Creating package descriptor '/home/lorea/Documents/25-26/Arqui_Soft_Robots/pract_ws2526/install/practica2/share/practica2/package.dsv'
[13.841s] INFO:colcon.colcon_core.shell:Creating package script '/home/lorea/Documents/25-26/Arqui_Soft_Robots/pract_ws2526/install/practica2/share/practica2/package.sh'
[13.842s] INFO:colcon.colcon_core.shell:Creating package script '/home/lorea/Documents/25-26/Arqui_Soft_Robots/pract_ws2526/install/practica2/share/practica2/package.bash'
[13.843s] INFO:colcon.colcon_core.shell:Creating package script '/home/lorea/Documents/25-26/Arqui_Soft_Robots/pract_ws2526/install/practica2/share/practica2/package.zsh'
[13.843s] Level 1:colcon.colcon_core.environment:create_file_with_runtime_dependencies(/home/lorea/Documents/25-26/Arqui_Soft_Robots/pract_ws2526/install/practica2/share/colcon-core/packages/practica2)
[13.844s] DEBUG:colcon.colcon_parallel_executor.executor.parallel:closing loop
[13.844s] DEBUG:colcon.colcon_parallel_executor.executor.parallel:loop closed
[13.844s] DEBUG:colcon.colcon_parallel_executor.executor.parallel:run_until_complete finished with '0'
[13.844s] DEBUG:colcon.colcon_core.event_reactor:joining thread
[13.859s] INFO:colcon.colcon_core.plugin_system:Skipping extension 'colcon_notification.desktop_notification.terminal_notifier': Not used on non-Darwin systems
[13.859s] INFO:colcon.colcon_core.plugin_system:Skipping extension 'colcon_notification.desktop_notification.win32': Not used on non-Windows systems
[13.859s] INFO:colcon.colcon_notification.desktop_notification:Sending desktop notification using 'notify2'
[13.880s] DEBUG:colcon.colcon_core.event_reactor:joined thread
[13.880s] INFO:colcon.colcon_core.shell:Creating prefix script '/home/lorea/Documents/25-26/Arqui_Soft_Robots/pract_ws2526/install/local_setup.ps1'
[13.882s] INFO:colcon.colcon_core.shell:Creating prefix util module '/home/lorea/Documents/25-26/Arqui_Soft_Robots/pract_ws2526/install/_local_setup_util_ps1.py'
[13.884s] INFO:colcon.colcon_core.shell:Creating prefix chain script '/home/lorea/Documents/25-26/Arqui_Soft_Robots/pract_ws2526/install/setup.ps1'
[13.888s] INFO:colcon.colcon_core.shell:Creating prefix script '/home/lorea/Documents/25-26/Arqui_Soft_Robots/pract_ws2526/install/local_setup.sh'
[13.889s] INFO:colcon.colcon_core.shell:Creating prefix util module '/home/lorea/Documents/25-26/Arqui_Soft_Robots/pract_ws2526/install/_local_setup_util_sh.py'
[13.890s] INFO:colcon.colcon_core.shell:Creating prefix chain script '/home/lorea/Documents/25-26/Arqui_Soft_Robots/pract_ws2526/install/setup.sh'
[13.894s] INFO:colcon.colcon_core.shell:Creating prefix script '/home/lorea/Documents/25-26/Arqui_Soft_Robots/pract_ws2526/install/local_setup.bash'
[13.894s] INFO:colcon.colcon_core.shell:Creating prefix chain script '/home/lorea/Documents/25-26/Arqui_Soft_Robots/pract_ws2526/install/setup.bash'
[13.898s] INFO:colcon.colcon_core.shell:Creating prefix script '/home/lorea/Documents/25-26/Arqui_Soft_Robots/pract_ws2526/install/local_setup.zsh'
[13.899s] INFO:colcon.colcon_core.shell:Creating prefix chain script '/home/lorea/Documents/25-26/Arqui_Soft_Robots/pract_ws2526/install/setup.zsh'
