-- The C compiler identification is GNU 13.3.0
-- The CXX compiler identification is GNU 13.3.0
-- Detecting C compiler ABI info
-- Detecting C compiler ABI info - done
-- Check for working C compiler: /usr/bin/cc - skipped
-- Detecting C compile features
-- Detecting C compile features - done
-- Detecting CXX compiler ABI info
-- Detecting CXX compiler ABI info - done
-- Check for working CXX compiler: /usr/bin/c++ - skipped
-- Detecting CXX compile features
-- Detecting CXX compile features - done
-- Found ament_cmake: 2.5.4 (/opt/ros/jazzy/share/ament_cmake/cmake)
-- Found Python3: /usr/bin/python3 (found version "3.12.3") found components: Interpreter 
-- Override CMake install command with custom implementation using symlinks instead of copying resources
-- Found rclcpp: 28.1.9 (/opt/ros/jazzy/share/rclcpp/cmake)
-- Found rosidl_generator_c: 4.6.5 (/opt/ros/jazzy/share/rosidl_generator_c/cmake)
-- Found rosidl_generator_cpp: 4.6.5 (/opt/ros/jazzy/share/rosidl_generator_cpp/cmake)
-- Using all available rosidl_typesupport_c: rosidl_typesupport_fastrtps_c;rosidl_typesupport_introspection_c
-- Using all available rosidl_typesupport_cpp: rosidl_typesupport_fastrtps_cpp;rosidl_typesupport_introspection_cpp
-- Found rmw_implementation_cmake: 7.3.2 (/opt/ros/jazzy/share/rmw_implementation_cmake/cmake)
-- Found rmw_fastrtps_cpp: 8.4.2 (/opt/ros/jazzy/share/rmw_fastrtps_cpp/cmake)
-- Found OpenSSL: /usr/lib/x86_64-linux-gnu/libcrypto.so (found version "3.0.13")  
-- Found FastRTPS: /opt/ros/jazzy/include (Required is at least version "2.13") 
-- Using RMW implementation 'rmw_fastrtps_cpp' as default
-- Found std_msgs: 5.3.6 (/opt/ros/jazzy/share/std_msgs/cmake)
-- Found geometry_msgs: 5.3.6 (/opt/ros/jazzy/share/geometry_msgs/cmake)
-- Found kobuki_ros_interfaces: 1.0.0 (/opt/ros/jazzy/share/kobuki_ros_interfaces/cmake)
-- Found ament_lint_auto: 0.17.2 (/opt/ros/jazzy/share/ament_lint_auto/cmake)
-- Added test 'cppcheck' to perform static code analysis on C / C++ code
-- Configured cppcheck include dirs: $<BUILD_INTERFACE:/home/lorea/Documents/25-26/Arqui_Soft_Robots/pract_ws2526/src/practica2/include>
-- Configured cppcheck exclude dirs and/or files: 
-- Added test 'lint_cmake' to check CMake code style
-- Added test 'uncrustify' to check C / C++ code style
-- Configured uncrustify additional arguments: 
-- Added test 'xmllint' to check XML markup files
-- Configuring done (2.0s)
-- Generating done (0.0s)
-- Build files have been written to: /home/lorea/Documents/25-26/Arqui_Soft_Robots/pract_ws2526/build/practica2
[ 25%] [32mBuilding CXX object CMakeFiles/practica2.dir/src/practica2/TeleOptNode.cpp.o[0m
[ 50%] [32m[1mLinking CXX static library libpractica2.a[0m
[ 50%] Built target practica2
[ 75%] [32mBuilding CXX object CMakeFiles/teleopt.dir/src/teleopt_main.cpp.o[0m
[100%] [32m[1mLinking CXX executable teleopt[0m
[100%] Built target teleopt
-- Install configuration: ""
-- Execute custom install script
-- Symlinking: /home/lorea/Documents/25-26/Arqui_Soft_Robots/pract_ws2526/install/practica2/share/practica2/environment/library_path.sh
-- Symlinking: /home/lorea/Documents/25-26/Arqui_Soft_Robots/pract_ws2526/install/practica2/share/practica2/environment/library_path.dsv
-- Symlinking: /home/lorea/Documents/25-26/Arqui_Soft_Robots/pract_ws2526/install/practica2/share/ament_index/resource_index/package_run_dependencies/practica2
-- Symlinking: /home/lorea/Documents/25-26/Arqui_Soft_Robots/pract_ws2526/install/practica2/share/ament_index/resource_index/parent_prefix_path/practica2
-- Symlinking: /home/lorea/Documents/25-26/Arqui_Soft_Robots/pract_ws2526/install/practica2/share/practica2/environment/ament_prefix_path.sh
-- Symlinking: /home/lorea/Documents/25-26/Arqui_Soft_Robots/pract_ws2526/install/practica2/share/practica2/environment/ament_prefix_path.dsv
-- Symlinking: /home/lorea/Documents/25-26/Arqui_Soft_Robots/pract_ws2526/install/practica2/share/practica2/environment/path.sh
-- Symlinking: /home/lorea/Documents/25-26/Arqui_Soft_Robots/pract_ws2526/install/practica2/share/practica2/environment/path.dsv
-- Symlinking: /home/lorea/Documents/25-26/Arqui_Soft_Robots/pract_ws2526/install/practica2/share/practica2/local_setup.bash
-- Symlinking: /home/lorea/Documents/25-26/Arqui_Soft_Robots/pract_ws2526/install/practica2/share/practica2/local_setup.sh
-- Symlinking: /home/lorea/Documents/25-26/Arqui_Soft_Robots/pract_ws2526/install/practica2/share/practica2/local_setup.zsh
-- Symlinking: /home/lorea/Documents/25-26/Arqui_Soft_Robots/pract_ws2526/install/practica2/share/practica2/local_setup.dsv
-- Symlinking: /home/lorea/Documents/25-26/Arqui_Soft_Robots/pract_ws2526/install/practica2/share/practica2/package.dsv
-- Symlinking: /home/lorea/Documents/25-26/Arqui_Soft_Robots/pract_ws2526/install/practica2/share/ament_index/resource_index/packages/practica2
-- Symlinking: /home/lorea/Documents/25-26/Arqui_Soft_Robots/pract_ws2526/install/practica2/share/practica2/cmake/ament_cmake_export_include_directories-extras.cmake
-- Symlinking: /home/lorea/Documents/25-26/Arqui_Soft_Robots/pract_ws2526/install/practica2/share/practica2/cmake/ament_cmake_export_libraries-extras.cmake
-- Symlinking: /home/lorea/Documents/25-26/Arqui_Soft_Robots/pract_ws2526/install/practica2/share/practica2/cmake/ament_cmake_export_targets-extras.cmake
-- Symlinking: /home/lorea/Documents/25-26/Arqui_Soft_Robots/pract_ws2526/install/practica2/share/practica2/cmake/ament_cmake_export_dependencies-extras.cmake
-- Symlinking: /home/lorea/Documents/25-26/Arqui_Soft_Robots/pract_ws2526/install/practica2/share/practica2/cmake/practica2Config.cmake
-- Symlinking: /home/lorea/Documents/25-26/Arqui_Soft_Robots/pract_ws2526/install/practica2/share/practica2/cmake/practica2Config-version.cmake
-- Symlinking: /home/lorea/Documents/25-26/Arqui_Soft_Robots/pract_ws2526/install/practica2/share/practica2/package.xml
-- Installing: /home/lorea/Documents/25-26/Arqui_Soft_Robots/pract_ws2526/install/practica2/lib/libpractica2.a
-- Installing: /home/lorea/Documents/25-26/Arqui_Soft_Robots/pract_ws2526/install/practica2/lib/practica2/teleopt
-- Set non-toolchain portion of runtime path of "/home/lorea/Documents/25-26/Arqui_Soft_Robots/pract_ws2526/install/practica2/lib/practica2/teleopt" to ""
-- Installing: /home/lorea/Documents/25-26/Arqui_Soft_Robots/pract_ws2526/install/practica2/share/practica2/cmake/export_practica2Export.cmake
-- Installing: /home/lorea/Documents/25-26/Arqui_Soft_Robots/pract_ws2526/install/practica2/share/practica2/cmake/export_practica2Export-noconfig.cmake
